Component: ARM Compiler 6.15 Tool: armlink [5dd78a00]

==============================================================================

Memory Map of the image

  Image Entry point : 0x08000189

  Load Region LR_IROM1 (Base: 0x08000000, Size: 0x0005c320, Max: 0x00100000, ABSOLUTE)

    Execution Region ER_IROM1 (Base: 0x08000000, Size: 0x0005c1f0, Max: 0x00100000, ABSOLUTE)

    Base Addr    Size         Type   Attr      Idx    E Section Name        Object

    0x08000000   0x00000188   Data   RO        24763    RESET               BUILD/DISCO_L475VG_IOT01A/ARMC6/mbed-os/targets/TARGET_STM/TARGET_STM32L4/TARGET_STM32L475xG/device/TOOLCHAIN_ARM_STD/startup_stm32l475xx.o
    0x08000188   0x00000008   Code   RO        31532  * !!!main             /Library/Application Support/Mbed Studio/mbed-studio-tools/ac6/bin/../lib/armlib/c_w.l(__main.o)
    0x08000190   0x00000034   Code   RO        36269    !!!scatter          /Library/Application Support/Mbed Studio/mbed-studio-tools/ac6/bin/../lib/armlib/c_w.l(__scatter.o)
    0x080001c4   0x0000003a   Code   RO        36267    !!dczerorl          /Library/Application Support/Mbed Studio/mbed-studio-tools/ac6/bin/../lib/armlib/c_w.l(__dczerorl.o)
    0x080001fe   0x00000002   PAD
    0x08000200   0x0000001a   Code   RO        36271    !!handler_copy      /Library/Application Support/Mbed Studio/mbed-studio-tools/ac6/bin/../lib/armlib/c_w.l(__scatter_copy.o)
    0x0800021a   0x00000002   PAD
    0x0800021c   0x0000001c   Code   RO        36273    !!handler_zi        /Library/Application Support/Mbed Studio/mbed-studio-tools/ac6/bin/../lib/armlib/c_w.l(__scatter_zi.o)
    0x08000238   0x00000002   Code   RO        31531    .ARM.Collect$$libinit$$00000000  /Library/Application Support/Mbed Studio/mbed-studio-tools/ac6/bin/../lib/armlib/c_w.l(libinit.o)
    0x0800023a   0x00000004   Code   RO        32277    .ARM.Collect$$libinit$$00000001  /Library/Application Support/Mbed Studio/mbed-studio-tools/ac6/bin/../lib/armlib/c_w.l(libinit2.o)
    0x0800023e   0x00000000   Code   RO        32280    .ARM.Collect$$libinit$$00000004  /Library/Application Support/Mbed Studio/mbed-studio-tools/ac6/bin/../lib/armlib/c_w.l(libinit2.o)
    0x0800023e   0x00000008   Code   RO        32281    .ARM.Collect$$libinit$$00000005  /Library/Application Support/Mbed Studio/mbed-studio-tools/ac6/bin/../lib/armlib/c_w.l(libinit2.o)
    0x08000246   0x00000000   Code   RO        32283    .ARM.Collect$$libinit$$0000000A  /Library/Application Support/Mbed Studio/mbed-studio-tools/ac6/bin/../lib/armlib/c_w.l(libinit2.o)
    0x08000246   0x00000000   Code   RO        32285    .ARM.Collect$$libinit$$0000000C  /Library/Application Support/Mbed Studio/mbed-studio-tools/ac6/bin/../lib/armlib/c_w.l(libinit2.o)
    0x08000246   0x00000000   Code   RO        32287    .ARM.Collect$$libinit$$0000000E  /Library/Application Support/Mbed Studio/mbed-studio-tools/ac6/bin/../lib/armlib/c_w.l(libinit2.o)
    0x08000246   0x00000006   Code   RO        32288    .ARM.Collect$$libinit$$0000000F  /Library/Application Support/Mbed Studio/mbed-studio-tools/ac6/bin/../lib/armlib/c_w.l(libinit2.o)
    0x0800024c   0x00000000   Code   RO        32290    .ARM.Collect$$libinit$$00000011  /Library/Application Support/Mbed Studio/mbed-studio-tools/ac6/bin/../lib/armlib/c_w.l(libinit2.o)
    0x0800024c   0x0000000c   Code   RO        32291    .ARM.Collect$$libinit$$00000012  /Library/Application Support/Mbed Studio/mbed-studio-tools/ac6/bin/../lib/armlib/c_w.l(libinit2.o)
    0x08000258   0x00000000   Code   RO        32292    .ARM.Collect$$libinit$$00000013  /Library/Application Support/Mbed Studio/mbed-studio-tools/ac6/bin/../lib/armlib/c_w.l(libinit2.o)
    0x08000258   0x00000000   Code   RO        32294    .ARM.Collect$$libinit$$00000015  /Library/Application Support/Mbed Studio/mbed-studio-tools/ac6/bin/../lib/armlib/c_w.l(libinit2.o)
    0x08000258   0x0000000a   Code   RO        32295    .ARM.Collect$$libinit$$00000016  /Library/Application Support/Mbed Studio/mbed-studio-tools/ac6/bin/../lib/armlib/c_w.l(libinit2.o)
    0x08000262   0x00000000   Code   RO        32296    .ARM.Collect$$libinit$$00000017  /Library/Application Support/Mbed Studio/mbed-studio-tools/ac6/bin/../lib/armlib/c_w.l(libinit2.o)
    0x08000262   0x0000000a   Code   RO        32297    .ARM.Collect$$libinit$$00000018  /Library/Application Support/Mbed Studio/mbed-studio-tools/ac6/bin/../lib/armlib/c_w.l(libinit2.o)
    0x0800026c   0x00000000   Code   RO        32298    .ARM.Collect$$libinit$$00000019  /Library/Application Support/Mbed Studio/mbed-studio-tools/ac6/bin/../lib/armlib/c_w.l(libinit2.o)
    0x0800026c   0x00000000   Code   RO        32300    .ARM.Collect$$libinit$$0000001B  /Library/Application Support/Mbed Studio/mbed-studio-tools/ac6/bin/../lib/armlib/c_w.l(libinit2.o)
[...]
    0x08055a7c   0x00000008   Data   RO        35160    .rodata._ZTINSt3__19time_baseE  /Library/Application Support/Mbed Studio/mbed-studio-tools/ac6/bin/../lib/libcxx/libcpp_w.l(locale.cpp.o)
    0x08055a84   0x00000008   Data   RO        36042    .rodata._ZTISt9type_info  /Library/Application Support/Mbed Studio/mbed-studio-tools/ac6/bin/../lib/libcxx/libcppabi_w.l(stdlib_typeinfo.cpp.o)
    0x08055a8c   0x00000021   Data   RO        35344    .rodata._ZTSN10__cxxabiv116__shim_type_infoE  /Library/Application Support/Mbed Studio/mbed-studio-tools/ac6/bin/../lib/libcxx/libcppabi_w.l(private_typeinfo.cpp.o)
    0x08055aad   0x00000022   Data   RO        35346    .rodata._ZTSN10__cxxabiv117__class_type_infoE  /Library/Application Support/Mbed Studio/mbed-studio-tools/ac6/bin/../lib/libcxx/libcppabi_w.l(private_typeinfo.cpp.o)
    0x08055acf   0x00000025   Data   RO        35521    .rodata._ZTSN10__cxxabiv120__si_class_type_infoE  /Library/Application Support/Mbed Studio/mbed-studio-tools/ac6/bin/../lib/libcxx/libcppabi_w.l(private_typeinfo.cpp.o)
    0x08055af4   0x00000026   Data   RO        35524    .rodata._ZTSN10__cxxabiv121__vmi_class_type_infoE  /Library/Application Support/Mbed Studio/mbed-studio-tools/ac6/bin/../lib/libcxx/libcppabi_w.l(private_typeinfo.cpp.o)
    0x08055b1a   0x00000018   Data   RO        31678    .rodata._ZTSNSt3__110__stdinbufIcEE  /Library/Application Support/Mbed Studio/mbed-studio-tools/ac6/bin/../lib/libcxx/libcpp_w.l(iostream.cpp.o)
    0x08055b32   0x00000018   Data   RO        31681    .rodata._ZTSNSt3__110__stdinbufIwEE  /Library/Application Support/Mbed Studio/mbed-studio-tools/ac6/bin/../lib/libcxx/libcpp_w.l(iostream.cpp.o)
    0x08055b4a   0x00000015   Data   RO        35179    .rodata._ZTSNSt3__110__time_putE  /Library/Application Support/Mbed Studio/mbed-studio-tools/ac6/bin/../lib/libcxx/libcpp_w.l(locale.cpp.o)
    0x08055b5f   0x00000015   Data   RO        35130    .rodata._ZTSNSt3__110ctype_baseE  /Library/Application Support/Mbed Studio/mbed-studio-tools/ac6/bin/../lib/libcxx/libcpp_w.l(locale.cpp.o)
    0x08055b74   0x00000015   Data   RO        35189    .rodata._ZTSNSt3__110money_baseE  /Library/Application Support/Mbed Studio/mbed-studio-tools/ac6/bin/../lib/libcxx/libcpp_w.l(locale.cpp.o)
    0x08055b89   0x0000001c   Data   RO        35188    .rodata._ZTSNSt3__110moneypunctIcLb0EEE  /Library/Application Support/Mbed Studio/mbed-studio-tools/ac6/bin/../lib/libcxx/libcpp_w.l(locale.cpp.o)
    0x08055ba5   0x0000001c   Data   RO        35192    .rodata._ZTSNSt3__110moneypunctIcLb1EEE  /Library/Application Support/Mbed Studio/mbed-studio-tools/ac6/bin/../lib/libcxx/libcpp_w.l(locale.cpp.o)
    0x08055bc1   0x0000001c   Data   RO        35194    .rodata._ZTSNSt3__110moneypunctIwLb0EEE  /Library/Application Support/Mbed Studio/mbed-studio-tools/ac6/bin/../lib/libcxx/libcpp_w.l(locale.cpp.o)
    0x08055bdd   0x0000001c   Data   RO        35196    .rodata._ZTSNSt3__110moneypunctIwLb1EEE  /Library/Application Support/Mbed Studio/mbed-studio-tools/ac6/bin/../lib/libcxx/libcpp_w.l(locale.cpp.o)
    0x08055bf9   0x00000019   Data   RO        35207    .rodata._ZTSNSt3__111__money_getIcEE  /Library/Application Support/Mbed Studio/mbed-studio-tools/ac6/bin/../lib/libcxx/libcpp_w.l(locale.cpp.o)
    0x08055c12   0x00000019   Data   RO        35211    .rodata._ZTSNSt3__111__money_getIwEE  /Library/Application Support/Mbed Studio/mbed-studio-tools/ac6/bin/../lib/libcxx/libcpp_w.l(locale.cpp.o)
    0x08055c2b   0x00000019   Data   RO        35215    .rodata._ZTSNSt3__111__money_putIcEE  /Library/Application Support/Mbed Studio/mbed-studio-tools/ac6/bin/../lib/libcxx/libcpp_w.l(locale.cpp.o)
    0x08055c44   0x00000019   Data   RO        35219    .rodata._ZTSNSt3__111__money_putIwEE  /Library/Application Support/Mbed Studio/mbed-studio-tools/ac6/bin/../lib/libcxx/libcpp_w.l(locale.cpp.o)
    0x08055c5d   0x00000019   Data   RO        31684    .rodata._ZTSNSt3__111__stdoutbufIcEE  /Library/Application Support/Mbed Studio/mbed-studio-tools/ac6/bin/../lib/libcxx/libcpp_w.l(iostream.cpp.o)
    0x08055c76   0x00000019   Data   RO        31687    .rodata._ZTSNSt3__111__stdoutbufIwEE  /Library/Application Support/Mbed Studio/mbed-studio-tools/ac6/bin/../lib/libcxx/libcpp_w.l(iostream.cpp.o)
    0x08055c8f   0x00000017   Data   RO        35132    .rodata._ZTSNSt3__112codecvt_baseE  /Library/Application Support/Mbed Studio/mbed-studio-tools/ac6/bin/../lib/libcxx/libcpp_w.l(locale.cpp.o)
    0x08055ca6   0x0000002f   Data   RO        33174    .rodata._ZTSNSt3__113basic_istreamIcNS_11char_traitsIcEEEE  /Library/Application Support/Mbed Studio/mbed-studio-tools/ac6/bin/../lib/libcxx/libcpp_w.l(ios.cpp.o)
    0x08055cd5   0x0000002f   Data   RO        33176    .rodata._ZTSNSt3__113basic_istreamIwNS_11char_traitsIwEEEE  /Library/Application Support/Mbed Studio/mbed-studio-tools/ac6/bin/../lib/libcxx/libcpp_w.l(ios.cpp.o)
    0x08055d04   0x0000002f   Data   RO        33178    .rodata._ZTSNSt3__113basic_ostreamIcNS_11char_traitsIcEEEE  /Library/Application Support/Mbed Studio/mbed-studio-tools/ac6/bin/../lib/libcxx/libcpp_w.l(ios.cpp.o)
    0x08055d33   0x0000002f   Data   RO        33180    .rodata._ZTSNSt3__113basic_ostreamIwNS_11char_traitsIwEEEE  /Library/Application Support/Mbed Studio/mbed-studio-tools/ac6/bin/../lib/libcxx/libcpp_w.l(ios.cpp.o)
    0x08055d62   0x00000018   Data   RO        35223    .rodata._ZTSNSt3__113messages_baseE  /Library/Application Support/Mbed Studio/mbed-studio-tools/ac6/bin/../lib/libcxx/libcpp_w.l(locale.cpp.o)
    0x08055d7a   0x00000019   Data   RO        35140    .rodata._ZTSNSt3__114__num_get_baseE  /Library/Application Support/Mbed Studio/mbed-studio-tools/ac6/bin/../lib/libcxx/libcpp_w.l(locale.cpp.o)
    0x08055d93   0x00000019   Data   RO        35150    .rodata._ZTSNSt3__114__num_put_baseE  /Library/Application Support/Mbed Studio/mbed-studio-tools/ac6/bin/../lib/libcxx/libcpp_w.l(locale.cpp.o)
    0x08055dac   0x00000019   Data   RO        35854    .rodata._ZTSNSt3__114__shared_countE  /Library/Application Support/Mbed Studio/mbed-studio-tools/ac6/bin/../lib/libcxx/libcpp_w.l(memory.cpp.o)
    0x08055dc5   0x00000031   Data   RO        33170    .rodata._ZTSNSt3__115basic_streambufIcNS_11char_traitsIcEEEE  /Library/Application Support/Mbed Studio/mbed-studio-tools/ac6/bin/../lib/libcxx/libcpp_w.l(ios.cpp.o)
    0x08055df6   0x00000031   Data   RO        33172    .rodata._ZTSNSt3__115basic_streambufIwNS_11char_traitsIwEEEE  /Library/Application Support/Mbed Studio/mbed-studio-tools/ac6/bin/../lib/libcxx/libcpp_w.l(ios.cpp.o)
    0x08055e27   0x00000022   Data   RO        35161    .rodata._ZTSNSt3__120__time_get_c_storageIcEE  /Library/Application Support/Mbed Studio/mbed-studio-tools/ac6/bin/../lib/libcxx/libcpp_w.l(locale.cpp.o)
    0x08055e49   0x00000022   Data   RO        35165    .rodata._ZTSNSt3__120__time_get_c_storageIwEE  /Library/Application Support/Mbed Studio/mbed-studio-tools/ac6/bin/../lib/libcxx/libcpp_w.l(locale.cpp.o)
    0x08055e6b   0x00000012   Data   RO        33963    .rodata._ZTSNSt3__15ctypeIcEE  /Library/Application Support/Mbed Studio/mbed-studio-tools/ac6/bin/../lib/libcxx/libcpp_w.l(locale.cpp.o)
    0x08055e7d   0x00000012   Data   RO        33896    .rodata._ZTSNSt3__15ctypeIwEE  /Library/Application Support/Mbed Studio/mbed-studio-tools/ac6/bin/../lib/libcxx/libcpp_w.l(locale.cpp.o)
    0x08055e8f   0x00000016   Data   RO        33957    .rodata._ZTSNSt3__16locale5__impE  /Library/Application Support/Mbed Studio/mbed-studio-tools/ac6/bin/../lib/libcxx/libcpp_w.l(locale.cpp.o)
    0x08055ea5   0x00000016   Data   RO        33893    .rodata._ZTSNSt3__16locale5facetE  /Library/Application Support/Mbed Studio/mbed-studio-tools/ac6/bin/../lib/libcxx/libcpp_w.l(locale.cpp.o)
    0x08055ebb   0x00000025   Data   RO        33905    .rodata._ZTSNSt3__17codecvtIDicSt11__mbstate_tEE  /Library/Application Support/Mbed Studio/mbed-studio-tools/ac6/bin/../lib/libcxx/libcpp_w.l(locale.cpp.o)
    0x08055ee0   0x00000025   Data   RO        33902    .rodata._ZTSNSt3__17codecvtIDscSt11__mbstate_tEE  /Library/Application Support/Mbed Studio/mbed-studio-tools/ac6/bin/../lib/libcxx/libcpp_w.l(locale.cpp.o)
    0x08055f05   0x00000024   Data   RO        33899    .rodata._ZTSNSt3__17codecvtIccSt11__mbstate_tEE  /Library/Application Support/Mbed Studio/mbed-studio-tools/ac6/bin/../lib/libcxx/libcpp_w.l(locale.cpp.o)
    0x08055f29   0x00000024   Data   RO        33921    .rodata._ZTSNSt3__17codecvtIwcSt11__mbstate_tEE  /Library/Application Support/Mbed Studio/mbed-studio-tools/ac6/bin/../lib/libcxx/libcpp_w.l(locale.cpp.o)
    0x08055f4d   0x00000014   Data   RO        35134    .rodata._ZTSNSt3__17collateIcEE  /Library/Application Support/Mbed Studio/mbed-studio-tools/ac6/bin/../lib/libcxx/libcpp_w.l(locale.cpp.o)
    0x08055f61   0x00000014   Data   RO        35136    .rodata._ZTSNSt3__17collateIwEE  /Library/Application Support/Mbed Studio/mbed-studio-tools/ac6/bin/../lib/libcxx/libcpp_w.l(locale.cpp.o)
    0x08055f75   0x00000044   Data   RO        35138    .rodata._ZTSNSt3__17num_getIcNS_19istreambuf_iteratorIcNS_11char_traitsIcEEEEEE  /Library/Application Support/Mbed Studio/mbed-studio-tools/ac6/bin/../lib/libcxx/libcpp_w.l(locale.cpp.o)
    0x08055fb9   0x00000044   Data   RO        35144    .rodata._ZTSNSt3__17num_getIwNS_19istreambuf_iteratorIwNS_11char_traitsIwEEEEEE  /Library/Application Support/Mbed Studio/mbed-studio-tools/ac6/bin/../lib/libcxx/libcpp_w.l(locale.cpp.o)
    0x08055ffd   0x00000044   Data   RO        35148    .rodata._ZTSNSt3__17num_putIcNS_19ostreambuf_iteratorIcNS_11char_traitsIcEEEEEE  /Library/Application Support/Mbed Studio/mbed-studio-tools/ac6/bin/../lib/libcxx/libcpp_w.l(locale.cpp.o)
    0x08056041   0x00000044   Data   RO        35154    .rodata._ZTSNSt3__17num_putIwNS_19ostreambuf_iteratorIwNS_11char_traitsIwEEEEEE  /Library/Application Support/Mbed Studio/mbed-studio-tools/ac6/bin/../lib/libcxx/libcpp_w.l(locale.cpp.o)
    0x08056085   0x00000012   Data   RO        32455    .rodata._ZTSNSt3__18ios_baseE  /Library/Application Support/Mbed Studio/mbed-studio-tools/ac6/bin/../lib/libcxx/libcpp_w.l(ios.cpp.o)
    0x08056097   0x00000015   Data   RO        35222    .rodata._ZTSNSt3__18messagesIcEE  /Library/Application Support/Mbed Studio/mbed-studio-tools/ac6/bin/../lib/libcxx/libcpp_w.l(locale.cpp.o)
    0x080560ac   0x00000015   Data   RO        35226    .rodata._ZTSNSt3__18messagesIwEE  /Library/Application Support/Mbed Studio/mbed-studio-tools/ac6/bin/../lib/libcxx/libcpp_w.l(locale.cpp.o)
    0x080560c1   0x00000015   Data   RO        33969    .rodata._ZTSNSt3__18numpunctIcEE  /Library/Application Support/Mbed Studio/mbed-studio-tools/ac6/bin/../lib/libcxx/libcpp_w.l(locale.cpp.o)
    0x080560d6   0x00000015   Data   RO        33971    .rodata._ZTSNSt3__18numpunctIwEE  /Library/Application Support/Mbed Studio/mbed-studio-tools/ac6/bin/../lib/libcxx/libcpp_w.l(locale.cpp.o)
    0x080560eb   0x00000045   Data   RO        35158    .rodata._ZTSNSt3__18time_getIcNS_19istreambuf_iteratorIcNS_11char_traitsIcEEEEEE  /Library/Application Support/Mbed Studio/mbed-studio-tools/ac6/bin/../lib/libcxx/libcpp_w.l(locale.cpp.o)
    0x08056130   0x00000045   Data   RO        35164    .rodata._ZTSNSt3__18time_getIwNS_19istreambuf_iteratorIwNS_11char_traitsIwEEEEEE  /Library/Application Support/Mbed Studio/mbed-studio-tools/ac6/bin/../lib/libcxx/libcpp_w.l(locale.cpp.o)
    0x08056175   0x00000045   Data   RO        35178    .rodata._ZTSNSt3__18time_putIcNS_19ostreambuf_iteratorIcNS_11char_traitsIcEEEEEE  /Library/Application Support/Mbed Studio/mbed-studio-tools/ac6/bin/../lib/libcxx/libcpp_w.l(locale.cpp.o)
    0x080561ba   0x00000045   Data   RO        35182    .rodata._ZTSNSt3__18time_putIwNS_19ostreambuf_iteratorIwNS_11char_traitsIwEEEEEE  /Library/Application Support/Mbed Studio/mbed-studio-tools/ac6/bin/../lib/libcxx/libcpp_w.l(locale.cpp.o)
    0x080561ff   0x00000016   Data   RO        35139    .rodata._ZTSNSt3__19__num_getIcEE  /Library/Application Support/Mbed Studio/mbed-studio-tools/ac6/bin/../lib/libcxx/libcpp_w.l(locale.cpp.o)
    0x08056215   0x00000016   Data   RO        35145    .rodata._ZTSNSt3__19__num_getIwEE  /Library/Application Support/Mbed Studio/mbed-studio-tools/ac6/bin/../lib/libcxx/libcpp_w.l(locale.cpp.o)
    0x0805622b   0x00000016   Data   RO        35149    .rodata._ZTSNSt3__19__num_putIcEE  /Library/Application Support/Mbed Studio/mbed-studio-tools/ac6/bin/../lib/libcxx/libcpp_w.l(locale.cpp.o)
    0x08056241   0x00000016   Data   RO        35155    .rodata._ZTSNSt3__19__num_putIwEE  /Library/Application Support/Mbed Studio/mbed-studio-tools/ac6/bin/../lib/libcxx/libcpp_w.l(locale.cpp.o)
    0x08056257   0x0000002a   Data   RO        33166    .rodata._ZTSNSt3__19basic_iosIcNS_11char_traitsIcEEEE  /Library/Application Support/Mbed Studio/mbed-studio-tools/ac6/bin/../lib/libcxx/libcpp_w.l(ios.cpp.o)
    0x08056281   0x0000002a   Data   RO        33168    .rodata._ZTSNSt3__19basic_iosIwNS_11char_traitsIwEEEE  /Library/Application Support/Mbed Studio/mbed-studio-tools/ac6/bin/../lib/libcxx/libcpp_w.l(ios.cpp.o)
    0x080562ab   0x00000046   Data   RO        35206    .rodata._ZTSNSt3__19money_getIcNS_19istreambuf_iteratorIcNS_11char_traitsIcEEEEEE  /Library/Application Support/Mbed Studio/mbed-studio-tools/ac6/bin/../lib/libcxx/libcpp_w.l(locale.cpp.o)
    0x080562f1   0x00000046   Data   RO        35210    .rodata._ZTSNSt3__19money_getIwNS_19istreambuf_iteratorIwNS_11char_traitsIwEEEEEE  /Library/Application Support/Mbed Studio/mbed-studio-tools/ac6/bin/../lib/libcxx/libcpp_w.l(locale.cpp.o)
    0x08056337   0x00000046   Data   RO        35214    .rodata._ZTSNSt3__19money_putIcNS_19ostreambuf_iteratorIcNS_11char_traitsIcEEEEEE  /Library/Application Support/Mbed Studio/mbed-studio-tools/ac6/bin/../lib/libcxx/libcpp_w.l(locale.cpp.o)
    0x0805637d   0x00000046   Data   RO        35218    .rodata._ZTSNSt3__19money_putIwNS_19ostreambuf_iteratorIwNS_11char_traitsIwEEEEEE  /Library/Application Support/Mbed Studio/mbed-studio-tools/ac6/bin/../lib/libcxx/libcpp_w.l(locale.cpp.o)
    0x080563c3   0x00000013   Data   RO        35159    .rodata._ZTSNSt3__19time_baseE  /Library/Application Support/Mbed Studio/mbed-studio-tools/ac6/bin/../lib/libcxx/libcpp_w.l(locale.cpp.o)
    0x080563d6   0x0000000d   Data   RO        36041    .rodata._ZTSSt9type_info  /Library/Application Support/Mbed Studio/mbed-studio-tools/ac6/bin/../lib/libcxx/libcppabi_w.l(stdlib_typeinfo.cpp.o)
    0x080563e3   0x00000001   PAD
    0x080563e4   0x00000050   Data   RO        23646    .rodata._ZTV12DirectSerial  BUILD/DISCO_L475VG_IOT01A/ARMC6/mbed-os/platform/source/mbed_retarget.o
    0x08056434   0x00000028   Data   RO        35519    .rodata._ZTVN10__cxxabiv117__class_type_infoE  /Library/Application Support/Mbed Studio/mbed-studio-tools/ac6/bin/../lib/libcxx/libcppabi_w.l(private_typeinfo.cpp.o)
    0x0805645c   0x00000028   Data   RO        35520    .rodata._ZTVN10__cxxabiv120__si_class_type_infoE  /Library/Application Support/Mbed Studio/mbed-studio-tools/ac6/bin/../lib/libcxx/libcppabi_w.l(private_typeinfo.cpp.o)
    0x08056484   0x00000028   Data   RO        35523    .rodata._ZTVN10__cxxabiv121__vmi_class_type_infoE  /Library/Application Support/Mbed Studio/mbed-studio-tools/ac6/bin/../lib/libcxx/libcppabi_w.l(private_typeinfo.cpp.o)
    0x080564ac   0x00000050   Data   RO        22948    .rodata._ZTVN4mbed10FileHandleE  BUILD/DISCO_L475VG_IOT01A/ARMC6/mbed-os/platform/source/FileHandle.o
    0x080564fc   0x00000018   Data   RO         1993    .rodata._ZTVN4mbed10SerialBaseE  BUILD/DISCO_L475VG_IOT01A/ARMC6/mbed-os/drivers/source/SerialBase.o
    0x08056514   0x00000014   Data   RO         2064    .rodata._ZTVN4mbed10TimerEventE  BUILD/DISCO_L475VG_IOT01A/ARMC6/mbed-os/drivers/source/TimerEvent.o
    0x08056528   0x00000084   Data   RO         2191    .rodata._ZTVN4mbed16UnbufferedSerialE  BUILD/DISCO_L475VG_IOT01A/ARMC6/mbed-os/drivers/source/UnbufferedSerial.o
    0x080565ac   0x00000018   Data   RO         1570    .rodata._ZTVN4mbed3I2CE  BUILD/DISCO_L475VG_IOT01A/ARMC6/mbed-os/drivers/source/I2C.o
    0x080565c4   0x00000090   Data   RO         1920    .rodata._ZTVN4mbed6SerialE  BUILD/DISCO_L475VG_IOT01A/ARMC6/mbed-os/drivers/source/Serial.o
    0x08056654   0x00000070   Data   RO        23037    .rodata._ZTVN4mbed6StreamE  BUILD/DISCO_L475VG_IOT01A/ARMC6/mbed-os/platform/source/Stream.o
    0x080566c4   0x00000014   Data   RO         2010    .rodata._ZTVN4mbed6TickerE  BUILD/DISCO_L475VG_IOT01A/ARMC6/mbed-os/drivers/source/Ticker.o
    0x080566d8   0x00000010   Data   RO        22943    .rodata._ZTVN4mbed8FileBaseE  BUILD/DISCO_L475VG_IOT01A/ARMC6/mbed-os/platform/source/FileBase.o
    0x080566e8   0x00000014   Data   RO        23186    .rodata._ZTVN4mbed8internal8SysTimerILj1000ELb1EEE  BUILD/DISCO_L475VG_IOT01A/ARMC6/mbed-os/platform/source/SysTimer.o
    0x080566fc   0x00000038   Data   RO        30874    .rodata._ZTVN6tflite10MicroGraphE  BUILD/DISCO_L475VG_IOT01A/ARMC6/tensorflow/lite/micro/micro_graph.o
    0x08056734   0x00000018   Data   RO        30821    .rodata._ZTVN6tflite12_GLOBAL__N_125MicroBuiltinDataAllocatorE  BUILD/DISCO_L475VG_IOT01A/ARMC6/tensorflow/lite/micro/micro_allocator.o
    0x0805674c   0x0000002c   Data   RO        29243    .rodata._ZTVN6tflite14AllOpsResolverE  BUILD/DISCO_L475VG_IOT01A/ARMC6/tensorflow/lite/micro/all_ops_resolver.o
    0x08056778   0x0000003c   Data   RO        30820    .rodata._ZTVN6tflite14MicroAllocatorE  BUILD/DISCO_L475VG_IOT01A/ARMC6/tensorflow/lite/micro/micro_allocator.o
    0x080567b4   0x00000014   Data   RO        30837    .rodata._ZTVN6tflite18MicroErrorReporterE  BUILD/DISCO_L475VG_IOT01A/ARMC6/tensorflow/lite/micro/micro_error_reporter.o
    0x080567c8   0x00000020   Data   RO        30732    .rodata._ZTVN6tflite19GreedyMemoryPlannerE  BUILD/DISCO_L475VG_IOT01A/ARMC6/tensorflow/lite/micro/memory_planner/greedy_memory_planner.o
    0x080567e8   0x00000020   Data   RO        31076    .rodata._ZTVN6tflite21SimpleMemoryAllocatorE  BUILD/DISCO_L475VG_IOT01A/ARMC6/tensorflow/lite/micro/simple_memory_allocator.o
    0x08056808   0x00000040   Data   RO        31677    .rodata._ZTVNSt3__110__stdinbufIcEE  /Library/Application Support/Mbed Studio/mbed-studio-tools/ac6/bin/../lib/libcxx/libcpp_w.l(iostream.cpp.o)
    0x08056848   0x00000040   Data   RO        31680    .rodata._ZTVNSt3__110__stdinbufIwEE  /Library/Application Support/Mbed Studio/mbed-studio-tools/ac6/bin/../lib/libcxx/libcpp_w.l(iostream.cpp.o)
    0x08056888   0x00000038   Data   RO        35096    .rodata._ZTVNSt3__110moneypunctIcLb0EEE  /Library/Application Support/Mbed Studio/mbed-studio-tools/ac6/bin/../lib/libcxx/libcpp_w.l(locale.cpp.o)
    0x080568c0   0x00000038   Data   RO        35099    .rodata._ZTVNSt3__110moneypunctIcLb1EEE  /Library/Application Support/Mbed Studio/mbed-studio-tools/ac6/bin/../lib/libcxx/libcpp_w.l(locale.cpp.o)
    0x080568f8   0x00000038   Data   RO        35102    .rodata._ZTVNSt3__110moneypunctIwLb0EEE  /Library/Application Support/Mbed Studio/mbed-studio-tools/ac6/bin/../lib/libcxx/libcpp_w.l(locale.cpp.o)
    0x08056930   0x00000038   Data   RO        35105    .rodata._ZTVNSt3__110moneypunctIwLb1EEE  /Library/Application Support/Mbed Studio/mbed-studio-tools/ac6/bin/../lib/libcxx/libcpp_w.l(locale.cpp.o)
    0x08056968   0x00000040   Data   RO        31683    .rodata._ZTVNSt3__111__stdoutbufIcEE  /Library/Application Support/Mbed Studio/mbed-studio-tools/ac6/bin/../lib/libcxx/libcpp_w.l(iostream.cpp.o)
    0x080569a8   0x00000040   Data   RO        31686    .rodata._ZTVNSt3__111__stdoutbufIwEE  /Library/Application Support/Mbed Studio/mbed-studio-tools/ac6/bin/../lib/libcxx/libcpp_w.l(iostream.cpp.o)
    0x080569e8   0x00000028   Data   RO        33156    .rodata._ZTVNSt3__113basic_istreamIcNS_11char_traitsIcEEEE  /Library/Application Support/Mbed Studio/mbed-studio-tools/ac6/bin/../lib/libcxx/libcpp_w.l(ios.cpp.o)
    0x08056a10   0x00000028   Data   RO        33158    .rodata._ZTVNSt3__113basic_istreamIwNS_11char_traitsIwEEEE  /Library/Application Support/Mbed Studio/mbed-studio-tools/ac6/bin/../lib/libcxx/libcpp_w.l(ios.cpp.o)
    0x08056a38   0x00000028   Data   RO        33160    .rodata._ZTVNSt3__113basic_ostreamIcNS_11char_traitsIcEEEE  /Library/Application Support/Mbed Studio/mbed-studio-tools/ac6/bin/../lib/libcxx/libcpp_w.l(ios.cpp.o)
    0x08056a60   0x00000028   Data   RO        33162    .rodata._ZTVNSt3__113basic_ostreamIwNS_11char_traitsIwEEEE  /Library/Application Support/Mbed Studio/mbed-studio-tools/ac6/bin/../lib/libcxx/libcpp_w.l(ios.cpp.o)
    0x08056a88   0x00000040   Data   RO        33154    .rodata._ZTVNSt3__115basic_streambufIcNS_11char_traitsIcEEEE  /Library/Application Support/Mbed Studio/mbed-studio-tools/ac6/bin/../lib/libcxx/libcpp_w.l(ios.cpp.o)
    0x08056ac8   0x00000040   Data   RO        33155    .rodata._ZTVNSt3__115basic_streambufIwNS_11char_traitsIwEEEE  /Library/Application Support/Mbed Studio/mbed-studio-tools/ac6/bin/../lib/libcxx/libcpp_w.l(ios.cpp.o)
    0x08056b08   0x00000034   Data   RO        33848    .rodata._ZTVNSt3__15ctypeIcEE  /Library/Application Support/Mbed Studio/mbed-studio-tools/ac6/bin/../lib/libcxx/libcpp_w.l(locale.cpp.o)
    0x08056b3c   0x00000044   Data   RO        33895    .rodata._ZTVNSt3__15ctypeIwEE  /Library/Application Support/Mbed Studio/mbed-studio-tools/ac6/bin/../lib/libcxx/libcpp_w.l(locale.cpp.o)
    0x08056b80   0x00000014   Data   RO        33824    .rodata._ZTVNSt3__16locale5__impE  /Library/Application Support/Mbed Studio/mbed-studio-tools/ac6/bin/../lib/libcxx/libcpp_w.l(locale.cpp.o)
    0x08056b94   0x00000014   Data   RO        33892    .rodata._ZTVNSt3__16locale5facetE  /Library/Application Support/Mbed Studio/mbed-studio-tools/ac6/bin/../lib/libcxx/libcpp_w.l(locale.cpp.o)
    0x08056ba8   0x00000030   Data   RO        33904    .rodata._ZTVNSt3__17codecvtIDicSt11__mbstate_tEE  /Library/Application Support/Mbed Studio/mbed-studio-tools/ac6/bin/../lib/libcxx/libcpp_w.l(locale.cpp.o)
    0x08056bd8   0x00000030   Data   RO        33901    .rodata._ZTVNSt3__17codecvtIDscSt11__mbstate_tEE  /Library/Application Support/Mbed Studio/mbed-studio-tools/ac6/bin/../lib/libcxx/libcpp_w.l(locale.cpp.o)
    0x08056c08   0x00000030   Data   RO        33898    .rodata._ZTVNSt3__17codecvtIccSt11__mbstate_tEE  /Library/Application Support/Mbed Studio/mbed-studio-tools/ac6/bin/../lib/libcxx/libcpp_w.l(locale.cpp.o)
    0x08056c38   0x00000030   Data   RO        33854    .rodata._ZTVNSt3__17codecvtIwcSt11__mbstate_tEE  /Library/Application Support/Mbed Studio/mbed-studio-tools/ac6/bin/../lib/libcxx/libcpp_w.l(locale.cpp.o)
    0x08056c68   0x00000020   Data   RO        35072    .rodata._ZTVNSt3__17collateIcEE  /Library/Application Support/Mbed Studio/mbed-studio-tools/ac6/bin/../lib/libcxx/libcpp_w.l(locale.cpp.o)
    0x08056c88   0x00000020   Data   RO        35074    .rodata._ZTVNSt3__17collateIwEE  /Library/Application Support/Mbed Studio/mbed-studio-tools/ac6/bin/../lib/libcxx/libcpp_w.l(locale.cpp.o)
    0x08056ca8   0x00000040   Data   RO        35076    .rodata._ZTVNSt3__17num_getIcNS_19istreambuf_iteratorIcNS_11char_traitsIcEEEEEE  /Library/Application Support/Mbed Studio/mbed-studio-tools/ac6/bin/../lib/libcxx/libcpp_w.l(locale.cpp.o)
    0x08056ce8   0x00000040   Data   RO        35078    .rodata._ZTVNSt3__17num_getIwNS_19istreambuf_iteratorIwNS_11char_traitsIwEEEEEE  /Library/Application Support/Mbed Studio/mbed-studio-tools/ac6/bin/../lib/libcxx/libcpp_w.l(locale.cpp.o)
    0x08056d28   0x00000034   Data   RO        35080    .rodata._ZTVNSt3__17num_putIcNS_19ostreambuf_iteratorIcNS_11char_traitsIcEEEEEE  /Library/Application Support/Mbed Studio/mbed-studio-tools/ac6/bin/../lib/libcxx/libcpp_w.l(locale.cpp.o)
    0x08056d5c   0x00000034   Data   RO        35082    .rodata._ZTVNSt3__17num_putIwNS_19ostreambuf_iteratorIwNS_11char_traitsIwEEEEEE  /Library/Application Support/Mbed Studio/mbed-studio-tools/ac6/bin/../lib/libcxx/libcpp_w.l(locale.cpp.o)
    0x08056d90   0x00000010   Data   RO        32453    .rodata._ZTVNSt3__18ios_baseE  /Library/Application Support/Mbed Studio/mbed-studio-tools/ac6/bin/../lib/libcxx/libcpp_w.l(ios.cpp.o)
    0x08056da0   0x00000020   Data   RO        35120    .rodata._ZTVNSt3__18messagesIcEE  /Library/Application Support/Mbed Studio/mbed-studio-tools/ac6/bin/../lib/libcxx/libcpp_w.l(locale.cpp.o)
    0x08056dc0   0x00000020   Data   RO        35122    .rodata._ZTVNSt3__18messagesIwEE  /Library/Application Support/Mbed Studio/mbed-studio-tools/ac6/bin/../lib/libcxx/libcpp_w.l(locale.cpp.o)
    0x08056de0   0x00000028   Data   RO        33859    .rodata._ZTVNSt3__18numpunctIcEE  /Library/Application Support/Mbed Studio/mbed-studio-tools/ac6/bin/../lib/libcxx/libcpp_w.l(locale.cpp.o)
    0x08056e08   0x00000028   Data   RO        33860    .rodata._ZTVNSt3__18numpunctIwEE  /Library/Application Support/Mbed Studio/mbed-studio-tools/ac6/bin/../lib/libcxx/libcpp_w.l(locale.cpp.o)
    0x08056e30   0x00000054   Data   RO        35084    .rodata._ZTVNSt3__18time_getIcNS_19istreambuf_iteratorIcNS_11char_traitsIcEEEEEE  /Library/Application Support/Mbed Studio/mbed-studio-tools/ac6/bin/../lib/libcxx/libcpp_w.l(locale.cpp.o)
    0x08056e84   0x00000054   Data   RO        35086    .rodata._ZTVNSt3__18time_getIwNS_19istreambuf_iteratorIwNS_11char_traitsIwEEEEEE  /Library/Application Support/Mbed Studio/mbed-studio-tools/ac6/bin/../lib/libcxx/libcpp_w.l(locale.cpp.o)
    0x08056ed8   0x00000018   Data   RO        35090    .rodata._ZTVNSt3__18time_putIcNS_19ostreambuf_iteratorIcNS_11char_traitsIcEEEEEE  /Library/Application Support/Mbed Studio/mbed-studio-tools/ac6/bin/../lib/libcxx/libcpp_w.l(locale.cpp.o)
    0x08056ef0   0x00000018   Data   RO        35092    .rodata._ZTVNSt3__18time_putIwNS_19ostreambuf_iteratorIwNS_11char_traitsIwEEEEEE  /Library/Application Support/Mbed Studio/mbed-studio-tools/ac6/bin/../lib/libcxx/libcpp_w.l(locale.cpp.o)
    0x08056f08   0x0000001c   Data   RO        35112    .rodata._ZTVNSt3__19money_getIcNS_19istreambuf_iteratorIcNS_11char_traitsIcEEEEEE  /Library/Application Support/Mbed Studio/mbed-studio-tools/ac6/bin/../lib/libcxx/libcpp_w.l(locale.cpp.o)
    0x08056f24   0x0000001c   Data   RO        35114    .rodata._ZTVNSt3__19money_getIwNS_19istreambuf_iteratorIwNS_11char_traitsIwEEEEEE  /Library/Application Support/Mbed Studio/mbed-studio-tools/ac6/bin/../lib/libcxx/libcpp_w.l(locale.cpp.o)
    0x08056f40   0x0000001c   Data   RO        35116    .rodata._ZTVNSt3__19money_putIcNS_19ostreambuf_iteratorIcNS_11char_traitsIcEEEEEE  /Library/Application Support/Mbed Studio/mbed-studio-tools/ac6/bin/../lib/libcxx/libcpp_w.l(locale.cpp.o)
    0x08056f5c   0x0000001c   Data   RO        35118    .rodata._ZTVNSt3__19money_putIwNS_19ostreambuf_iteratorIwNS_11char_traitsIwEEEEEE  /Library/Application Support/Mbed Studio/mbed-studio-tools/ac6/bin/../lib/libcxx/libcpp_w.l(locale.cpp.o)
    0x08056f78   0x00000018   Data   RO        23655    .rodata._ZZL15default_consolevE14console_pinmap  BUILD/DISCO_L475VG_IOT01A/ARMC6/mbed-os/platform/source/mbed_retarget.o
    0x08056f90   0x00000004   Data   RO        29450    .rodata._ZZN11flexbuffers3Map8EmptyMapEvE9empty_map  BUILD/DISCO_L475VG_IOT01A/ARMC6/tensorflow/lite/micro/kernels/circular_buffer.o
    0x08056f94   0x00000001   Data   RO        29452    .rodata._ZZN11flexbuffers6Vector11EmptyVectorEvE12empty_vector  BUILD/DISCO_L475VG_IOT01A/ARMC6/tensorflow/lite/micro/kernels/circular_buffer.o
    0x08056f95   0x00000003   PAD
    0x08056f98   0x00000248   Data   RO        29129    .rodata._ZZN6tflite24EnumNamesBuiltinOperatorEvE5names  BUILD/DISCO_L475VG_IOT01A/ARMC6/tensorflow/lite/core/api/op_resolver.o
    0x080571e0   0x00000400   Data   RO        33849    .rodata._ZZNSt3__15ctypeIcE13classic_tableEvE13builtin_table  /Library/Application Support/Mbed Studio/mbed-studio-tools/ac6/bin/../lib/libcxx/libcpp_w.l(locale.cpp.o)
    0x080575e0   0x00000008   Data   RO        23642    .rodata.__stderr_name  BUILD/DISCO_L475VG_IOT01A/ARMC6/mbed-os/platform/source/mbed_retarget.o
    0x080575e8   0x00000007   Data   RO        23640    .rodata.__stdin_name  BUILD/DISCO_L475VG_IOT01A/ARMC6/mbed-os/platform/source/mbed_retarget.o
    0x080575ef   0x00000008   Data   RO        23641    .rodata.__stdout_name  BUILD/DISCO_L475VG_IOT01A/ARMC6/mbed-os/platform/source/mbed_retarget.o
    0x080575f7   0x00000001   PAD
    0x080575f8   0x00000010   Data   RO        27516    .rodata.cst16       BUILD/DISCO_L475VG_IOT01A/ARMC6/mbed-os/targets/TARGET_STM/TARGET_STM32L4/device/stm32l4xx_hal_uart.o
    0x08057608   0x00000030   Data   RO        33811    .rodata.cst16       /Library/Application Support/Mbed Studio/mbed-studio-tools/ac6/bin/../lib/libcxx/libcpp_w.l(locale.cpp.o)
    0x08057638   0x000009b8   Data   RO        29269    .rodata.g_model     BUILD/DISCO_L475VG_IOT01A/ARMC6/tensorflow/lite/micro/examples/hello_world/model.o
    0x08057ff0   0x00000004   Data   RO        29245    .rodata.kInferencesPerCycle  BUILD/DISCO_L475VG_IOT01A/ARMC6/tensorflow/lite/micro/examples/hello_world/constants.o
    0x08057ff4   0x00000040   Data   RO        28540    .rodata.ll_pin_defines  BUILD/DISCO_L475VG_IOT01A/ARMC6/mbed-os/targets/TARGET_STM/pinmap.o
    0x08058034   0x00000008   Data   RO        22697    .rodata.lp_data     BUILD/DISCO_L475VG_IOT01A/ARMC6/mbed-os/hal/mbed_lp_ticker_api.o
    0x0805803c   0x00000024   Data   RO        22699    .rodata.lp_interface  BUILD/DISCO_L475VG_IOT01A/ARMC6/mbed-os/hal/mbed_lp_ticker_api.o
    0x08058060   0x00000008   Data   RO        28506    .rodata.lp_ticker_get_info.info  BUILD/DISCO_L475VG_IOT01A/ARMC6/mbed-os/targets/TARGET_STM/lp_ticker.o
    0x08058068   0x00000004   Data   RO        23198    .rodata.mbed_fault_context  BUILD/DISCO_L475VG_IOT01A/ARMC6/mbed-os/platform/source/TARGET_CORTEX_M/mbed_fault_handler.o
    0x0805806c   0x00000004   Data   RO        24308    .rodata.osRtxUserSVC  BUILD/DISCO_L475VG_IOT01A/ARMC6/mbed-os/rtos/source/TARGET_CORTEX/rtx5/RTX/Source/rtx_lib.o
    0x08058070   0x00000024   Data   RO        24303    .rodata.os_idle_thread_attr  BUILD/DISCO_L475VG_IOT01A/ARMC6/mbed-os/rtos/source/TARGET_CORTEX/rtx5/RTX/Source/rtx_lib.o
    0x08058094   0x00000018   Data   RO        24305    .rodata.os_timer_mq_attr  BUILD/DISCO_L475VG_IOT01A/ARMC6/mbed-os/rtos/source/TARGET_CORTEX/rtx5/RTX/Source/rtx_lib.o
    0x080580ac   0x00000024   Data   RO        24304    .rodata.os_timer_thread_attr  BUILD/DISCO_L475VG_IOT01A/ARMC6/mbed-os/rtos/source/TARGET_CORTEX/rtx5/RTX/Source/rtx_lib.o
    0x080580d0   0x00000045   Data   RO         1865    .rodata.str1.1      BUILD/DISCO_L475VG_IOT01A/ARMC6/mbed-os/drivers/source/SPI.o
    0x08058115   0x0000004e   Data   RO        23040    .rodata.str1.1      BUILD/DISCO_L475VG_IOT01A/ARMC6/mbed-os/platform/source/SysTimer.o
    0x08058163   0x000000c8   Data   RO        23199    .rodata.str1.1      BUILD/DISCO_L475VG_IOT01A/ARMC6/mbed-os/platform/source/TARGET_CORTEX_M/mbed_fault_handler.o
    0x0805822b   0x000001aa   Data   RO        23383    .rodata.str1.1      BUILD/DISCO_L475VG_IOT01A/ARMC6/mbed-os/platform/source/mbed_error.o
    0x080583d5   0x00000063   Data   RO        23649    .rodata.str1.1      BUILD/DISCO_L475VG_IOT01A/ARMC6/mbed-os/platform/source/mbed_retarget.o
    0x08058438   0x00000047   Data   RO        23737    .rodata.str1.1      BUILD/DISCO_L475VG_IOT01A/ARMC6/mbed-os/platform/source/mbed_wait_api_rtos.o
    0x0805847f   0x00000012   Data   RO        23977    .rodata.str1.1      BUILD/DISCO_L475VG_IOT01A/ARMC6/mbed-os/rtos/source/Mutex.o
    0x08058491   0x00000138   Data   RO        24084    .rodata.str1.1      BUILD/DISCO_L475VG_IOT01A/ARMC6/mbed-os/rtos/source/TARGET_CORTEX/mbed_rtx_handlers.o
    0x080585c9   0x00000036   Data   RO        24113    .rodata.str1.1      BUILD/DISCO_L475VG_IOT01A/ARMC6/mbed-os/rtos/source/TARGET_CORTEX/mbed_rtx_idle.o
    0x080585ff   0x00000013   Data   RO        24309    .rodata.str1.1      BUILD/DISCO_L475VG_IOT01A/ARMC6/mbed-os/rtos/source/TARGET_CORTEX/rtx5/RTX/Source/rtx_lib.o
    0x08058612   0x00000025   Data   RO        24686    .rodata.str1.1      BUILD/DISCO_L475VG_IOT01A/ARMC6/mbed-os/rtos/source/ThisThread.o
    0x08058637   0x0000004d   Data   RO        28485    .rodata.str1.1      BUILD/DISCO_L475VG_IOT01A/ARMC6/mbed-os/targets/TARGET_STM/i2c_api.o
    0x08058684   0x0000002a   Data   RO        28675    .rodata.str1.1      BUILD/DISCO_L475VG_IOT01A/ARMC6/mbed-os/targets/TARGET_STM/serial_api.o
    0x080586ae   0x0000006b   Data   RO        28832    .rodata.str1.1      BUILD/DISCO_L475VG_IOT01A/ARMC6/tensorflow/lite/c/common.o
    0x08058719   0x00000041   Data   RO        29010    .rodata.str1.1      BUILD/DISCO_L475VG_IOT01A/ARMC6/tensorflow/lite/core/api/flatbuffer_conversions.o
    0x0805875a   0x00000694   Data   RO        29126    .rodata.str1.1      BUILD/DISCO_L475VG_IOT01A/ARMC6/tensorflow/lite/core/api/op_resolver.o
    0x08058dee   0x00000154   Data   RO        29210    .rodata.str1.1      BUILD/DISCO_L475VG_IOT01A/ARMC6/tensorflow/lite/kernels/kernel_util.o
    0x08058f42   0x00000165   Data   RO        29216    .rodata.str1.1      BUILD/DISCO_L475VG_IOT01A/ARMC6/tensorflow/lite/micro/all_ops_resolver.o
    0x080590a7   0x00000047   Data   RO        29251    .rodata.str1.1      BUILD/DISCO_L475VG_IOT01A/ARMC6/tensorflow/lite/micro/examples/hello_world/main_functions.o
    0x080590ee   0x000000b8   Data   RO        29292    .rodata.str1.1      BUILD/DISCO_L475VG_IOT01A/ARMC6/tensorflow/lite/micro/kernels/activations.o
    0x080591a6   0x00000027   Data   RO        29309    .rodata.str1.1      BUILD/DISCO_L475VG_IOT01A/ARMC6/tensorflow/lite/micro/kernels/add.o
    0x080591cd   0x00000104   Data   RO        29347    .rodata.str1.1      BUILD/DISCO_L475VG_IOT01A/ARMC6/tensorflow/lite/micro/kernels/add_n.o
    0x080592d1   0x00000070   Data   RO        29362    .rodata.str1.1      BUILD/DISCO_L475VG_IOT01A/ARMC6/tensorflow/lite/micro/kernels/arg_min_max.o
    0x08059341   0x000000df   Data   RO        29383    .rodata.str1.1      BUILD/DISCO_L475VG_IOT01A/ARMC6/tensorflow/lite/micro/kernels/batch_to_space_nd.o
    0x08059420   0x00000053   Data   RO        29409    .rodata.str1.1      BUILD/DISCO_L475VG_IOT01A/ARMC6/tensorflow/lite/micro/kernels/ceil.o
    0x08059473   0x0000004b   Data   RO        29482    .rodata.str1.1      BUILD/DISCO_L475VG_IOT01A/ARMC6/tensorflow/lite/micro/kernels/comparisons.o
    0x080594be   0x00000185   Data   RO        29585    .rodata.str1.1      BUILD/DISCO_L475VG_IOT01A/ARMC6/tensorflow/lite/micro/kernels/concatenation.o
    0x08059643   0x00000059   Data   RO        29614    .rodata.str1.1      BUILD/DISCO_L475VG_IOT01A/ARMC6/tensorflow/lite/micro/kernels/conv.o
    0x0805969c   0x000000cc   Data   RO        29634    .rodata.str1.1      BUILD/DISCO_L475VG_IOT01A/ARMC6/tensorflow/lite/micro/kernels/conv_common.o
    0x08059768   0x00000084   Data   RO        29643    .rodata.str1.1      BUILD/DISCO_L475VG_IOT01A/ARMC6/tensorflow/lite/micro/kernels/cumsum.o
    0x080597ec   0x00000094   Data   RO        29656    .rodata.str1.1      BUILD/DISCO_L475VG_IOT01A/ARMC6/tensorflow/lite/micro/kernels/depth_to_space.o
    0x08059880   0x000000bb   Data   RO        29689    .rodata.str1.1      BUILD/DISCO_L475VG_IOT01A/ARMC6/tensorflow/lite/micro/kernels/depthwise_conv_common.o
    0x0805993b   0x000000aa   Data   RO        29700    .rodata.str1.1      BUILD/DISCO_L475VG_IOT01A/ARMC6/tensorflow/lite/micro/kernels/dequantize.o
    0x080599e5   0x000001cf   Data   RO        29723    .rodata.str1.1      BUILD/DISCO_L475VG_IOT01A/ARMC6/tensorflow/lite/micro/kernels/detection_postprocess.o
    0x08059bb4   0x00000084   Data   RO        29772    .rodata.str1.1      BUILD/DISCO_L475VG_IOT01A/ARMC6/tensorflow/lite/micro/kernels/elementwise.o
    0x08059c38   0x00000027   Data   RO        29783    .rodata.str1.1      BUILD/DISCO_L475VG_IOT01A/ARMC6/tensorflow/lite/micro/kernels/elu.o
    0x08059c5f   0x0000003a   Data   RO        29836    .rodata.str1.1      BUILD/DISCO_L475VG_IOT01A/ARMC6/tensorflow/lite/micro/kernels/floor_div.o
    0x08059c99   0x0000002d   Data   RO        29851    .rodata.str1.1      BUILD/DISCO_L475VG_IOT01A/ARMC6/tensorflow/lite/micro/kernels/floor_mod.o
    0x08059cc6   0x00000097   Data   RO        29864    .rodata.str1.1      BUILD/DISCO_L475VG_IOT01A/ARMC6/tensorflow/lite/micro/kernels/fully_connected.o
    0x08059d5d   0x0000002e   Data   RO        29909    .rodata.str1.1      BUILD/DISCO_L475VG_IOT01A/ARMC6/tensorflow/lite/micro/kernels/hard_swish.o
    0x08059d8b   0x0000002f   Data   RO        29963    .rodata.str1.1      BUILD/DISCO_L475VG_IOT01A/ARMC6/tensorflow/lite/micro/kernels/kernel_util.o
    0x08059dba   0x0000003f   Data   RO        29972    .rodata.str1.1      BUILD/DISCO_L475VG_IOT01A/ARMC6/tensorflow/lite/micro/kernels/l2_pool_2d.o
    0x08059df9   0x00000088   Data   RO        29987    .rodata.str1.1      BUILD/DISCO_L475VG_IOT01A/ARMC6/tensorflow/lite/micro/kernels/l2norm.o
    0x08059e81   0x0000002e   Data   RO        30006    .rodata.str1.1      BUILD/DISCO_L475VG_IOT01A/ARMC6/tensorflow/lite/micro/kernels/leaky_relu.o
    0x08059eaf   0x0000002c   Data   RO        30058    .rodata.str1.1      BUILD/DISCO_L475VG_IOT01A/ARMC6/tensorflow/lite/micro/kernels/logistic.o
    0x08059edb   0x00000032   Data   RO        30097    .rodata.str1.1      BUILD/DISCO_L475VG_IOT01A/ARMC6/tensorflow/lite/micro/kernels/maximum_minimum.o
    0x08059f0d   0x00000027   Data   RO        30180    .rodata.str1.1      BUILD/DISCO_L475VG_IOT01A/ARMC6/tensorflow/lite/micro/kernels/mul.o
    0x08059f34   0x00000289   Data   RO        30214    .rodata.str1.1      BUILD/DISCO_L475VG_IOT01A/ARMC6/tensorflow/lite/micro/kernels/pad.o
    0x0805a1bd   0x0000002b   Data   RO        30237    .rodata.str1.1      BUILD/DISCO_L475VG_IOT01A/ARMC6/tensorflow/lite/micro/kernels/pooling.o
    0x0805a1e8   0x00000029   Data   RO        30260    .rodata.str1.1      BUILD/DISCO_L475VG_IOT01A/ARMC6/tensorflow/lite/micro/kernels/prelu.o
    0x0805a211   0x00000105   Data   RO        30279    .rodata.str1.1      BUILD/DISCO_L475VG_IOT01A/ARMC6/tensorflow/lite/micro/kernels/quantize_common.o
    0x0805a316   0x00000b20   Data   RO        30300    .rodata.str1.1      BUILD/DISCO_L475VG_IOT01A/ARMC6/tensorflow/lite/micro/kernels/reduce.o
    0x0805ae36   0x0000002b   Data   RO        30327    .rodata.str1.1      BUILD/DISCO_L475VG_IOT01A/ARMC6/tensorflow/lite/micro/kernels/reshape.o
    0x0805ae61   0x000000c9   Data   RO        30337    .rodata.str1.1      BUILD/DISCO_L475VG_IOT01A/ARMC6/tensorflow/lite/micro/kernels/resize_bilinear.o
    0x0805af2a   0x00000067   Data   RO        30350    .rodata.str1.1      BUILD/DISCO_L475VG_IOT01A/ARMC6/tensorflow/lite/micro/kernels/resize_nearest_neighbor.o
    0x0805af91   0x00000029   Data   RO        30365    .rodata.str1.1      BUILD/DISCO_L475VG_IOT01A/ARMC6/tensorflow/lite/micro/kernels/round.o
    0x0805afba   0x00000029   Data   RO        30374    .rodata.str1.1      BUILD/DISCO_L475VG_IOT01A/ARMC6/tensorflow/lite/micro/kernels/shape.o
    0x0805afe3   0x000000cb   Data   RO        30399    .rodata.str1.1      BUILD/DISCO_L475VG_IOT01A/ARMC6/tensorflow/lite/micro/kernels/softmax_common.o
    0x0805b0ae   0x00000035   Data   RO        30410    .rodata.str1.1      BUILD/DISCO_L475VG_IOT01A/ARMC6/tensorflow/lite/micro/kernels/space_to_batch_nd.o
    0x0805b0e3   0x00000079   Data   RO        30425    .rodata.str1.1      BUILD/DISCO_L475VG_IOT01A/ARMC6/tensorflow/lite/micro/kernels/split.o
    0x0805b15c   0x0000007d   Data   RO        30444    .rodata.str1.1      BUILD/DISCO_L475VG_IOT01A/ARMC6/tensorflow/lite/micro/kernels/split_v.o
    0x0805b1d9   0x00000076   Data   RO        30461    .rodata.str1.1      BUILD/DISCO_L475VG_IOT01A/ARMC6/tensorflow/lite/micro/kernels/squeeze.o
    0x0805b24f   0x000000d1   Data   RO        30477    .rodata.str1.1      BUILD/DISCO_L475VG_IOT01A/ARMC6/tensorflow/lite/micro/kernels/strided_slice.o
    0x0805b320   0x00000027   Data   RO        30504    .rodata.str1.1      BUILD/DISCO_L475VG_IOT01A/ARMC6/tensorflow/lite/micro/kernels/sub.o
    0x0805b347   0x000002c7   Data   RO        30577    .rodata.str1.1      BUILD/DISCO_L475VG_IOT01A/ARMC6/tensorflow/lite/micro/kernels/svdf_common.o
    0x0805b60e   0x00000028   Data   RO        30588    .rodata.str1.1      BUILD/DISCO_L475VG_IOT01A/ARMC6/tensorflow/lite/micro/kernels/tanh.o
    0x0805b636   0x0000015b   Data   RO        30617    .rodata.str1.1      BUILD/DISCO_L475VG_IOT01A/ARMC6/tensorflow/lite/micro/kernels/transpose.o
    0x0805b791   0x000000ed   Data   RO        30656    .rodata.str1.1      BUILD/DISCO_L475VG_IOT01A/ARMC6/tensorflow/lite/micro/kernels/transpose_conv.o
    0x0805b87e   0x00000296   Data   RO        30817    .rodata.str1.1      BUILD/DISCO_L475VG_IOT01A/ARMC6/tensorflow/lite/micro/micro_allocator.o
    0x0805bb14   0x000000fa   Data   RO        30911    .rodata.str1.1      BUILD/DISCO_L475VG_IOT01A/ARMC6/tensorflow/lite/micro/micro_interpreter.o
    0x0805bc0e   0x00000129   Data   RO        31074    .rodata.str1.1      BUILD/DISCO_L475VG_IOT01A/ARMC6/tensorflow/lite/micro/simple_memory_allocator.o
    0x0805bd37   0x00000026   Data   RO        31622    .rodata.str1.1      /Library/Application Support/Mbed Studio/mbed-studio-tools/ac6/bin/../lib/libcxx/libcpp_w.l(iostream.cpp.o)
    0x0805bd5d   0x00000014   Data   RO        33807    .rodata.str1.1      /Library/Application Support/Mbed Studio/mbed-studio-tools/ac6/bin/../lib/libcxx/libcpp_w.l(locale.cpp.o)
    0x0805bd71   0x00000003   PAD
    0x0805bd74   0x0000000b   Data   RO        24296    .rodata.str1.4      BUILD/DISCO_L475VG_IOT01A/ARMC6/mbed-os/rtos/source/TARGET_CORTEX/rtx5/RTX/Source/rtx_kernel.o
    0x0805bd7f   0x00000001   PAD
    0x0805bd80   0x0000000b   Data   RO        33814    .rodata.str1.4      /Library/Application Support/Mbed Studio/mbed-studio-tools/ac6/bin/../lib/libcxx/libcpp_w.l(locale.cpp.o)
    0x0805bd8b   0x00000001   PAD
    0x0805bd8c   0x00000112   Data   RO        33861    .rodata.str2.2      /Library/Application Support/Mbed Studio/mbed-studio-tools/ac6/bin/../lib/libcxx/libcpp_w.l(locale.cpp.o)
    0x0805be9e   0x00000002   PAD
    0x0805bea0   0x00000008   Data   RO        22786    .rodata.us_data     BUILD/DISCO_L475VG_IOT01A/ARMC6/mbed-os/hal/mbed_us_ticker_api.o
    0x0805bea8   0x00000024   Data   RO        22788    .rodata.us_interface  BUILD/DISCO_L475VG_IOT01A/ARMC6/mbed-os/hal/mbed_us_ticker_api.o
    0x0805becc   0x00000008   Data   RO        28778    .rodata.us_ticker_get_info.info  BUILD/DISCO_L475VG_IOT01A/ARMC6/mbed-os/targets/TARGET_STM/us_ticker.o
    0x0805bed4   0x00000040   Data   RO        36266    Region$$Table       anon$$obj.o
    0x0805bf14   0x00000008   Data   RO        36129    c$$dinf             /Library/Application Support/Mbed Studio/mbed-studio-tools/ac6/bin/../lib/armlib/fz_wm.l(fpconst.o)
    0x0805bf1c   0x00000008   Data   RO        36132    c$$dmax             /Library/Application Support/Mbed Studio/mbed-studio-tools/ac6/bin/../lib/armlib/fz_wm.l(fpconst.o)
    0x0805bf24   0x00000110   Data   RO        32250    locale$$data        /Library/Application Support/Mbed Studio/mbed-studio-tools/ac6/bin/../lib/armlib/c_w.l(lc_ctype_c.o)
    0x0805c034   0x0000001c   Data   RO        36105    locale$$data        /Library/Application Support/Mbed Studio/mbed-studio-tools/ac6/bin/../lib/armlib/c_w.l(lc_numeric_c.o)
    0x0805c050   0x00000180   Data   RO        36108    locale$$data        /Library/Application Support/Mbed Studio/mbed-studio-tools/ac6/bin/../lib/armlib/c_w.l(lc_time_c.o)
    0x0805c1d0   0x00000004   Data   RO          333    .init_array         BUILD/DISCO_L475VG_IOT01A/ARMC6/main.o
    0x0805c1d4   0x00000004   Data   RO          855    .init_array         BUILD/DISCO_L475VG_IOT01A/ARMC6/mbed-os/components/storage/blockdevice/COMPONENT_QSPIF/QSPIFBlockDevice.o
    0x0805c1d8   0x00000004   Data   RO        29211    .init_array         BUILD/DISCO_L475VG_IOT01A/ARMC6/tensorflow/lite/kernels/kernel_util.o
    0x0805c1dc   0x00000004   Data   RO        29428    .init_array         BUILD/DISCO_L475VG_IOT01A/ARMC6/tensorflow/lite/micro/kernels/circular_buffer.o
    0x0805c1e0   0x00000004   Data   RO        29724    .init_array         BUILD/DISCO_L475VG_IOT01A/ARMC6/tensorflow/lite/micro/kernels/detection_postprocess.o
    0x0805c1e4   0x00000000   Data   RO        31535    .init_array         /Library/Application Support/Mbed Studio/mbed-studio-tools/ac6/bin/../lib/armlib/c_w.l(init_aeabi.o)
    0x0805c1e4   0x00000004   Data   RO        31623    .init_array         /Library/Application Support/Mbed Studio/mbed-studio-tools/ac6/bin/../lib/libcxx/libcpp_w.l(iostream.cpp.o)
    0x0805c1e8   0x00000004   Data   RO        32462    .init_array         /Library/Application Support/Mbed Studio/mbed-studio-tools/ac6/bin/../lib/libcxx/libcpp_w.l(ios.cpp.o)
    0x0805c1ec   0x00000004   Data   RO        34018    .init_array         /Library/Application Support/Mbed Studio/mbed-studio-tools/ac6/bin/../lib/libcxx/libcpp_w.l(locale.cpp.o)


    Execution Region RW_m_crash_data (Base: 0x10000188, Size: 0x00000100, Max: 0x00000100, ABSOLUTE)

    Base Addr    Size         Type   Attr      Idx    E Section Name        Object

    0x10000188   0x00000100   Zero   RW            1    RW_m_crash_data.bss  anon$$obj.o


    Execution Region RW_IRAM2 (Base: 0x10000288, Size: 0x0000371c, Max: 0x00007d78, ABSOLUTE)

    Base Addr    Size         Type   Attr      Idx    E Section Name        Object

    0x10000288   0x00000004   Data   RW        31451    .data               /Library/Application Support/Mbed Studio/mbed-studio-tools/ac6/bin/../lib/armlib/c_w.l(stdio_streams.o)
    0x1000028c   0x00000004   Data   RW        31453    .data               /Library/Application Support/Mbed Studio/mbed-studio-tools/ac6/bin/../lib/armlib/c_w.l(stdio_streams.o)
    0x10000290   0x00000004   Data   RW        32239    .data               /Library/Application Support/Mbed Studio/mbed-studio-tools/ac6/bin/../lib/armlib/c_w.l(streamlock.o)
    0x10000294   0x00000040   Data   RW        23654    .data._ZL11filehandles  BUILD/DISCO_L475VG_IOT01A/ARMC6/mbed-os/platform/source/mbed_retarget.o
    0x100002d4   0x00000004   Data   RW        22698    .data.irq_handler   BUILD/DISCO_L475VG_IOT01A/ARMC6/mbed-os/hal/mbed_lp_ticker_api.o
    0x100002d8   0x000000a4   Data   RW        24297    .data.os            BUILD/DISCO_L475VG_IOT01A/ARMC6/mbed-os/rtos/source/TARGET_CORTEX/rtx5/RTX/Source/rtx_kernel.o
    0x1000037c   0x00000004   Data   RW        24861    .data.uwTickPrio    BUILD/DISCO_L475VG_IOT01A/ARMC6/mbed-os/targets/TARGET_STM/TARGET_STM32L4/device/stm32l4xx_hal.o
    0x10000380   0x00000054   Zero   RW        31448    .bss                /Library/Application Support/Mbed Studio/mbed-studio-tools/ac6/bin/../lib/armlib/c_w.l(stdio_streams.o)
    0x100003d4   0x00000054   Zero   RW        31450    .bss                /Library/Application Support/Mbed Studio/mbed-studio-tools/ac6/bin/../lib/armlib/c_w.l(stdio_streams.o)
    0x10000428   0x00000001   Zero   RW        28514    .bss.LPTICKER_inited  BUILD/DISCO_L475VG_IOT01A/ARMC6/mbed-os/targets/TARGET_STM/lp_ticker.o
    0x10000429   0x00000003   PAD
    0x1000042c   0x00000040   Zero   RW        28779    .bss.TimMasterHandle  BUILD/DISCO_L475VG_IOT01A/ARMC6/mbed-os/targets/TARGET_STM/us_ticker.o
    0x1000046c   0x00000004   Zero   RW        29260    .bss._ZGVZ5setupE18static_interpreter  BUILD/DISCO_L475VG_IOT01A/ARMC6/tensorflow/lite/micro/examples/hello_world/main_functions.o
    0x10000470   0x00000004   Zero   RW        29254    .bss._ZGVZ5setupE20micro_error_reporter  BUILD/DISCO_L475VG_IOT01A/ARMC6/tensorflow/lite/micro/examples/hello_world/main_functions.o
    0x10000474   0x00000004   Zero   RW        30682    .bss._ZGVZ8DebugLogE2pc  BUILD/DISCO_L475VG_IOT01A/ARMC6/tensorflow/lite/micro/mbed/debug_log.o
    0x10000478   0x00000004   Zero   RW        23657    .bss._ZGVZL15default_consolevE7console  BUILD/DISCO_L475VG_IOT01A/ARMC6/mbed-os/platform/source/mbed_retarget.o
    0x1000047c   0x00000004   Zero   RW        33873    .bss._ZGVZNKSt3__120__time_get_c_storageIcE7__am_pmEvE5am_pm  /Library/Application Support/Mbed Studio/mbed-studio-tools/ac6/bin/../lib/libcxx/libcpp_w.l(locale.cpp.o)
    0x10000480   0x00000004   Zero   RW        33865    .bss._ZGVZNKSt3__120__time_get_c_storageIcE7__weeksEvE5weeks  /Library/Application Support/Mbed Studio/mbed-studio-tools/ac6/bin/../lib/libcxx/libcpp_w.l(locale.cpp.o)
    0x10000484   0x00000004   Zero   RW        33869    .bss._ZGVZNKSt3__120__time_get_c_storageIcE8__monthsEvE6months  /Library/Application Support/Mbed Studio/mbed-studio-tools/ac6/bin/../lib/libcxx/libcpp_w.l(locale.cpp.o)
    0x10000488   0x00000004   Zero   RW        33883    .bss._ZGVZNKSt3__120__time_get_c_storageIwE3__XEvE1s  /Library/Application Support/Mbed Studio/mbed-studio-tools/ac6/bin/../lib/libcxx/libcpp_w.l(locale.cpp.o)
    0x1000048c   0x00000004   Zero   RW        33887    .bss._ZGVZNKSt3__120__time_get_c_storageIwE3__cEvE1s  /Library/Application Support/Mbed Studio/mbed-studio-tools/ac6/bin/../lib/libcxx/libcpp_w.l(locale.cpp.o)
    0x10000490   0x00000004   Zero   RW        33891    .bss._ZGVZNKSt3__120__time_get_c_storageIwE3__rEvE1s  /Library/Application Support/Mbed Studio/mbed-studio-tools/ac6/bin/../lib/libcxx/libcpp_w.l(locale.cpp.o)
    0x10000494   0x00000004   Zero   RW        33879    .bss._ZGVZNKSt3__120__time_get_c_storageIwE3__xEvE1s  /Library/Application Support/Mbed Studio/mbed-studio-tools/ac6/bin/../lib/libcxx/libcpp_w.l(locale.cpp.o)
    0x10000498   0x00000004   Zero   RW        33875    .bss._ZGVZNKSt3__120__time_get_c_storageIwE7__am_pmEvE5am_pm  /Library/Application Support/Mbed Studio/mbed-studio-tools/ac6/bin/../lib/libcxx/libcpp_w.l(locale.cpp.o)
    0x1000049c   0x00000004   Zero   RW        33867    .bss._ZGVZNKSt3__120__time_get_c_storageIwE7__weeksEvE5weeks  /Library/Application Support/Mbed Studio/mbed-studio-tools/ac6/bin/../lib/libcxx/libcpp_w.l(locale.cpp.o)
    0x100004a0   0x00000004   Zero   RW        33871    .bss._ZGVZNKSt3__120__time_get_c_storageIwE8__monthsEvE6months  /Library/Application Support/Mbed Studio/mbed-studio-tools/ac6/bin/../lib/libcxx/libcpp_w.l(locale.cpp.o)
    0x100004a4   0x00000004   Zero   RW        33827    .bss._ZGVZNSt3__16locale7classicEvE1c  /Library/Application Support/Mbed Studio/mbed-studio-tools/ac6/bin/../lib/libcxx/libcpp_w.l(locale.cpp.o)
    0x100004a8   0x00000004   Zero   RW        33988    .bss._ZGVZNSt3__1L11init_wam_pmEvE5am_pm  /Library/Application Support/Mbed Studio/mbed-studio-tools/ac6/bin/../lib/libcxx/libcpp_w.l(locale.cpp.o)
    0x100004ac   0x00000004   Zero   RW        33980    .bss._ZGVZNSt3__1L11init_wweeksEvE5weeks  /Library/Application Support/Mbed Studio/mbed-studio-tools/ac6/bin/../lib/libcxx/libcpp_w.l(locale.cpp.o)
    0x100004b0   0x00000004   Zero   RW        33984    .bss._ZGVZNSt3__1L12init_wmonthsEvE6months  /Library/Application Support/Mbed Studio/mbed-studio-tools/ac6/bin/../lib/libcxx/libcpp_w.l(locale.cpp.o)
    0x100004b4   0x00000004   Zero   RW        22884    .bss._ZN10CThunkBase17_cthunk_free_realE  BUILD/DISCO_L475VG_IOT01A/ARMC6/mbed-os/platform/source/CThunkBase.o
    0x100004b8   0x00000004   Zero   RW        29265    .bss._ZN12_GLOBAL__N_115inference_countE  BUILD/DISCO_L475VG_IOT01A/ARMC6/tensorflow/lite/micro/examples/hello_world/main_functions.o
    0x100004bc   0x00000004   Zero   RW        29263    .bss._ZN12_GLOBAL__N_15inputE  BUILD/DISCO_L475VG_IOT01A/ARMC6/tensorflow/lite/micro/examples/hello_world/main_functions.o
    0x100004c0   0x00000004   Zero   RW        29256    .bss._ZN12_GLOBAL__N_15modelE  BUILD/DISCO_L475VG_IOT01A/ARMC6/tensorflow/lite/micro/examples/hello_world/main_functions.o
    0x100004c4   0x00000004   Zero   RW          852    .bss._ZN16QSPIFBlockDevice28_active_qspif_flash_csel_arrE  BUILD/DISCO_L475VG_IOT01A/ARMC6/mbed-os/components/storage/blockdevice/COMPONENT_QSPIF/QSPIFBlockDevice.o
    0x100004c8   0x00000028   Zero   RW        22941    .bss._ZN4mbed8FileBase6_mutexE  BUILD/DISCO_L475VG_IOT01A/ARMC6/mbed-os/platform/source/FileBase.o
    0x100004f0   0x00000004   Zero   RW        22942    .bss._ZN4mbed8FileBase8_defaultE  BUILD/DISCO_L475VG_IOT01A/ARMC6/mbed-os/platform/source/FileBase.o
    0x100004f4   0x00000004   Zero   RW        23447    .bss._ZN4mbed8internal8os_timerE  BUILD/DISCO_L475VG_IOT01A/ARMC6/mbed-os/platform/source/mbed_os_timer.o
    0x100004f8   0x00000008   Zero   RW        35097    .bss._ZNSt3__110moneypunctIcLb0EE2idE  /Library/Application Support/Mbed Studio/mbed-studio-tools/ac6/bin/../lib/libcxx/libcpp_w.l(locale.cpp.o)
    0x10000500   0x00000008   Zero   RW        35103    .bss._ZNSt3__110moneypunctIwLb0EE2idE  /Library/Application Support/Mbed Studio/mbed-studio-tools/ac6/bin/../lib/libcxx/libcpp_w.l(locale.cpp.o)
    0x10000508   0x00000058   Zero   RW        31600    .bss._ZNSt3__13cinE  /Library/Application Support/Mbed Studio/mbed-studio-tools/ac6/bin/../lib/libcxx/libcpp_w.l(iostream.cpp.o)
    0x10000560   0x00000008   Zero   RW        33846    .bss._ZNSt3__15ctypeIwE2idE  /Library/Application Support/Mbed Studio/mbed-studio-tools/ac6/bin/../lib/libcxx/libcpp_w.l(locale.cpp.o)
    0x10000568   0x00000054   Zero   RW        31605    .bss._ZNSt3__15wcerrE  /Library/Application Support/Mbed Studio/mbed-studio-tools/ac6/bin/../lib/libcxx/libcpp_w.l(iostream.cpp.o)
    0x100005bc   0x00000054   Zero   RW        31607    .bss._ZNSt3__15wclogE  /Library/Application Support/Mbed Studio/mbed-studio-tools/ac6/bin/../lib/libcxx/libcpp_w.l(iostream.cpp.o)
    0x10000610   0x00000054   Zero   RW        31603    .bss._ZNSt3__15wcoutE  /Library/Application Support/Mbed Studio/mbed-studio-tools/ac6/bin/../lib/libcxx/libcpp_w.l(iostream.cpp.o)
    0x10000664   0x00000004   Zero   RW        33831    .bss._ZNSt3__16locale2id9__next_idE  /Library/Application Support/Mbed Studio/mbed-studio-tools/ac6/bin/../lib/libcxx/libcpp_w.l(locale.cpp.o)
    0x10000668   0x00000008   Zero   RW        33855    .bss._ZNSt3__17codecvtIDscSt11__mbstate_tE2idE  /Library/Application Support/Mbed Studio/mbed-studio-tools/ac6/bin/../lib/libcxx/libcpp_w.l(locale.cpp.o)
    0x10000670   0x00000008   Zero   RW        33852    .bss._ZNSt3__17codecvtIccSt11__mbstate_tE2idE  /Library/Application Support/Mbed Studio/mbed-studio-tools/ac6/bin/../lib/libcxx/libcpp_w.l(locale.cpp.o)
    0x10000678   0x00000008   Zero   RW        35073    .bss._ZNSt3__17collateIcE2idE  /Library/Application Support/Mbed Studio/mbed-studio-tools/ac6/bin/../lib/libcxx/libcpp_w.l(locale.cpp.o)
    0x10000680   0x00000008   Zero   RW        35077    .bss._ZNSt3__17num_getIcNS_19istreambuf_iteratorIcNS_11char_traitsIcEEEEE2idE  /Library/Application Support/Mbed Studio/mbed-studio-tools/ac6/bin/../lib/libcxx/libcpp_w.l(locale.cpp.o)
    0x10000688   0x00000008   Zero   RW        35081    .bss._ZNSt3__17num_putIcNS_19ostreambuf_iteratorIcNS_11char_traitsIcEEEEE2idE  /Library/Application Support/Mbed Studio/mbed-studio-tools/ac6/bin/../lib/libcxx/libcpp_w.l(locale.cpp.o)
    0x10000690   0x00000008   Zero   RW        35121    .bss._ZNSt3__18messagesIcE2idE  /Library/Application Support/Mbed Studio/mbed-studio-tools/ac6/bin/../lib/libcxx/libcpp_w.l(locale.cpp.o)
    0x10000698   0x00000008   Zero   RW        33857    .bss._ZNSt3__18numpunctIcE2idE  /Library/Application Support/Mbed Studio/mbed-studio-tools/ac6/bin/../lib/libcxx/libcpp_w.l(locale.cpp.o)
    0x100006a0   0x00000008   Zero   RW        35085    .bss._ZNSt3__18time_getIcNS_19istreambuf_iteratorIcNS_11char_traitsIcEEEEE2idE  /Library/Application Support/Mbed Studio/mbed-studio-tools/ac6/bin/../lib/libcxx/libcpp_w.l(locale.cpp.o)
    0x100006a8   0x00000008   Zero   RW        35091    .bss._ZNSt3__18time_putIcNS_19ostreambuf_iteratorIcNS_11char_traitsIcEEEEE2idE  /Library/Application Support/Mbed Studio/mbed-studio-tools/ac6/bin/../lib/libcxx/libcpp_w.l(locale.cpp.o)
    0x100006b0   0x00000008   Zero   RW        35113    .bss._ZNSt3__19money_getIcNS_19istreambuf_iteratorIcNS_11char_traitsIcEEEEE2idE  /Library/Application Support/Mbed Studio/mbed-studio-tools/ac6/bin/../lib/libcxx/libcpp_w.l(locale.cpp.o)
    0x100006b8   0x00000008   Zero   RW        35117    .bss._ZNSt3__19money_putIcNS_19ostreambuf_iteratorIcNS_11char_traitsIcEEEEE2idE  /Library/Application Support/Mbed Studio/mbed-studio-tools/ac6/bin/../lib/libcxx/libcpp_w.l(locale.cpp.o)
    0x100006c0   0x00000001   Zero   RW        33805    .bss._ZNSt3__1L19__start_std_streamsE  /Library/Application Support/Mbed Studio/mbed-studio-tools/ac6/bin/../lib/libcxx/libcpp_w.l(locale.cpp.o)
    0x100006c1   0x00000003   PAD
    0x100006c4   0x00000038   Zero   RW        31608    .bss._ZNSt3__1L5__cinE  /Library/Application Support/Mbed Studio/mbed-studio-tools/ac6/bin/../lib/libcxx/libcpp_w.l(iostream.cpp.o)
    0x100006fc   0x00000008   Zero   RW        31609    .bss._ZNSt3__1L6mb_cinE  /Library/Application Support/Mbed Studio/mbed-studio-tools/ac6/bin/../lib/libcxx/libcpp_w.l(iostream.cpp.o)
    0x10000704   0x00000030   Zero   RW        31618    .bss._ZNSt3__1L7__wcerrE  /Library/Application Support/Mbed Studio/mbed-studio-tools/ac6/bin/../lib/libcxx/libcpp_w.l(iostream.cpp.o)
    0x10000734   0x00000030   Zero   RW        31614    .bss._ZNSt3__1L7__wcoutE  /Library/Application Support/Mbed Studio/mbed-studio-tools/ac6/bin/../lib/libcxx/libcpp_w.l(iostream.cpp.o)
    0x10000764   0x00000008   Zero   RW        31617    .bss._ZNSt3__1L7mb_cerrE  /Library/Application Support/Mbed Studio/mbed-studio-tools/ac6/bin/../lib/libcxx/libcpp_w.l(iostream.cpp.o)
    0x1000076c   0x00000008   Zero   RW        31613    .bss._ZNSt3__1L7mb_coutE  /Library/Application Support/Mbed Studio/mbed-studio-tools/ac6/bin/../lib/libcxx/libcpp_w.l(iostream.cpp.o)
    0x10000774   0x00000094   Zero   RW        29259    .bss._ZZ5setupE18static_interpreter  BUILD/DISCO_L475VG_IOT01A/ARMC6/tensorflow/lite/micro/examples/hello_world/main_functions.o
    0x10000808   0x00001290   Zero   RW        29257    .bss._ZZ5setupE8resolver  BUILD/DISCO_L475VG_IOT01A/ARMC6/tensorflow/lite/micro/examples/hello_world/main_functions.o
    0x10001a98   0x0000000c   Zero   RW        33880    .bss._ZZNKSt3__120__time_get_c_storageIcE3__XEvE1s  /Library/Application Support/Mbed Studio/mbed-studio-tools/ac6/bin/../lib/libcxx/libcpp_w.l(locale.cpp.o)
    0x10001aa4   0x0000000c   Zero   RW        33884    .bss._ZZNKSt3__120__time_get_c_storageIcE3__cEvE1s  /Library/Application Support/Mbed Studio/mbed-studio-tools/ac6/bin/../lib/libcxx/libcpp_w.l(locale.cpp.o)
    0x10001ab0   0x0000000c   Zero   RW        33888    .bss._ZZNKSt3__120__time_get_c_storageIcE3__rEvE1s  /Library/Application Support/Mbed Studio/mbed-studio-tools/ac6/bin/../lib/libcxx/libcpp_w.l(locale.cpp.o)
    0x10001abc   0x0000000c   Zero   RW        33876    .bss._ZZNKSt3__120__time_get_c_storageIcE3__xEvE1s  /Library/Application Support/Mbed Studio/mbed-studio-tools/ac6/bin/../lib/libcxx/libcpp_w.l(locale.cpp.o)
    0x10001ac8   0x00000008   Zero   RW        34003    .bss._ZZNSt3__112_GLOBAL__N_14makeINS_10moneypunctIcLb0EEEjEERT_T0_E3buf  /Library/Application Support/Mbed Studio/mbed-studio-tools/ac6/bin/../lib/libcxx/libcpp_w.l(locale.cpp.o)
    0x10001ad0   0x00000008   Zero   RW        34005    .bss._ZZNSt3__112_GLOBAL__N_14makeINS_10moneypunctIwLb0EEEjEERT_T0_E3buf  /Library/Application Support/Mbed Studio/mbed-studio-tools/ac6/bin/../lib/libcxx/libcpp_w.l(locale.cpp.o)
    0x10001ad8   0x00000010   Zero   RW        33991    .bss._ZZNSt3__112_GLOBAL__N_14makeINS_5ctypeIcEEDnbjEERT_T0_T1_T2_E3buf  /Library/Application Support/Mbed Studio/mbed-studio-tools/ac6/bin/../lib/libcxx/libcpp_w.l(locale.cpp.o)
    0x10001ae8   0x00000008   Zero   RW        33992    .bss._ZZNSt3__112_GLOBAL__N_14makeINS_5ctypeIwEEjEERT_T0_E3buf  /Library/Application Support/Mbed Studio/mbed-studio-tools/ac6/bin/../lib/libcxx/libcpp_w.l(locale.cpp.o)
    0x10001af0   0x00000008   Zero   RW        33995    .bss._ZZNSt3__112_GLOBAL__N_14makeINS_7codecvtIDscSt11__mbstate_tEEjEERT_T0_E3buf  /Library/Application Support/Mbed Studio/mbed-studio-tools/ac6/bin/../lib/libcxx/libcpp_w.l(locale.cpp.o)
    0x10001af8   0x00000008   Zero   RW        33989    .bss._ZZNSt3__112_GLOBAL__N_14makeINS_7collateIcEEjEERT_T0_E3buf  /Library/Application Support/Mbed Studio/mbed-studio-tools/ac6/bin/../lib/libcxx/libcpp_w.l(locale.cpp.o)
    0x10001b00   0x00000008   Zero   RW        33999    .bss._ZZNSt3__112_GLOBAL__N_14makeINS_7num_getIcNS_19istreambuf_iteratorIcNS_11char_traitsIcEEEEEEjEERT_T0_E3buf  /Library/Application Support/Mbed Studio/mbed-studio-tools/ac6/bin/../lib/libcxx/libcpp_w.l(locale.cpp.o)
    0x10001b08   0x00000008   Zero   RW        34001    .bss._ZZNSt3__112_GLOBAL__N_14makeINS_7num_putIcNS_19ostreambuf_iteratorIcNS_11char_traitsIcEEEEEEjEERT_T0_E3buf  /Library/Application Support/Mbed Studio/mbed-studio-tools/ac6/bin/../lib/libcxx/libcpp_w.l(locale.cpp.o)
    0x10001b10   0x00000008   Zero   RW        34015    .bss._ZZNSt3__112_GLOBAL__N_14makeINS_8messagesIcEEjEERT_T0_E3buf  /Library/Application Support/Mbed Studio/mbed-studio-tools/ac6/bin/../lib/libcxx/libcpp_w.l(locale.cpp.o)
    0x10001b18   0x00000018   Zero   RW        33998    .bss._ZZNSt3__112_GLOBAL__N_14makeINS_8numpunctIwEEjEERT_T0_E3buf  /Library/Application Support/Mbed Studio/mbed-studio-tools/ac6/bin/../lib/libcxx/libcpp_w.l(locale.cpp.o)
    0x10001b30   0x00000010   Zero   RW        34011    .bss._ZZNSt3__112_GLOBAL__N_14makeINS_8time_getIcNS_19istreambuf_iteratorIcNS_11char_traitsIcEEEEEEjEERT_T0_E3buf  /Library/Application Support/Mbed Studio/mbed-studio-tools/ac6/bin/../lib/libcxx/libcpp_w.l(locale.cpp.o)
    0x10001b40   0x00000010   Zero   RW        34013    .bss._ZZNSt3__112_GLOBAL__N_14makeINS_8time_putIcNS_19ostreambuf_iteratorIcNS_11char_traitsIcEEEEEEjEERT_T0_E3buf  /Library/Application Support/Mbed Studio/mbed-studio-tools/ac6/bin/../lib/libcxx/libcpp_w.l(locale.cpp.o)
    0x10001b50   0x00000008   Zero   RW        34007    .bss._ZZNSt3__112_GLOBAL__N_14makeINS_9money_getIcNS_19istreambuf_iteratorIcNS_11char_traitsIcEEEEEEjEERT_T0_E3buf  /Library/Application Support/Mbed Studio/mbed-studio-tools/ac6/bin/../lib/libcxx/libcpp_w.l(locale.cpp.o)
    0x10001b58   0x00000008   Zero   RW        34009    .bss._ZZNSt3__112_GLOBAL__N_14makeINS_9money_putIcNS_19ostreambuf_iteratorIcNS_11char_traitsIcEEEEEEjEERT_T0_E3buf  /Library/Application Support/Mbed Studio/mbed-studio-tools/ac6/bin/../lib/libcxx/libcpp_w.l(locale.cpp.o)
    0x10001b60   0x00000004   Zero   RW        33825    .bss._ZZNSt3__16locale5__imp12make_classicEvE3buf  /Library/Application Support/Mbed Studio/mbed-studio-tools/ac6/bin/../lib/libcxx/libcpp_w.l(locale.cpp.o)
    0x10001b64   0x00000004   Zero   RW        33829    .bss._ZZNSt3__16locale8__globalEvE1g  /Library/Application Support/Mbed Studio/mbed-studio-tools/ac6/bin/../lib/libcxx/libcpp_w.l(locale.cpp.o)
    0x10001b68   0x00000001   Zero   RW        31620    .bss._ZZNSt3__18ios_base4InitC1EvE16init_the_streams  /Library/Application Support/Mbed Studio/mbed-studio-tools/ac6/bin/../lib/libcxx/libcpp_w.l(iostream.cpp.o)
    0x10001b69   0x00000003   PAD
    0x10001b6c   0x00000018   Zero   RW        33987    .bss._ZZNSt3__1L11init_wam_pmEvE5am_pm  /Library/Application Support/Mbed Studio/mbed-studio-tools/ac6/bin/../lib/libcxx/libcpp_w.l(locale.cpp.o)
    0x10001b84   0x00000120   Zero   RW        33983    .bss._ZZNSt3__1L12init_wmonthsEvE6months  /Library/Application Support/Mbed Studio/mbed-studio-tools/ac6/bin/../lib/libcxx/libcpp_w.l(locale.cpp.o)
    0x10001ca4   0x00000004   PAD
    0x10001ca8   0x00001000   Zero   RW        24047    .bss._main_stack    BUILD/DISCO_L475VG_IOT01A/ARMC6/mbed-os/rtos/source/TARGET_CORTEX/mbed_rtos_rtx.o
    0x10002ca8   0x00000024   Zero   RW        24048    .bss._main_thread_attr  BUILD/DISCO_L475VG_IOT01A/ARMC6/mbed-os/rtos/source/TARGET_CORTEX/mbed_rtos_rtx.o
    0x10002ccc   0x00000004   Zero   RW        28342    .bss.can_irq_ids    BUILD/DISCO_L475VG_IOT01A/ARMC6/mbed-os/targets/TARGET_STM/can_api.o
    0x10002cd0   0x00000004   Zero   RW        23382    .bss.error_count    BUILD/DISCO_L475VG_IOT01A/ARMC6/mbed-os/platform/source/mbed_error.o
    0x10002cd4   0x00000004   PAD
    0x10002cd8   0x00000040   Zero   RW        22789    .bss.events         BUILD/DISCO_L475VG_IOT01A/ARMC6/mbed-os/hal/mbed_us_ticker_api.o
    0x10002d18   0x00000040   Zero   RW        23381    .bss.first_error_ctx  BUILD/DISCO_L475VG_IOT01A/ARMC6/mbed-os/platform/source/mbed_error.o
    0x10002d58   0x00000001   Zero   RW        28509    .bss.future_event_flag  BUILD/DISCO_L475VG_IOT01A/ARMC6/mbed-os/targets/TARGET_STM/lp_ticker.o
    0x10002d59   0x00000001   Zero   RW        23385    .bss.halt_in_progress  BUILD/DISCO_L475VG_IOT01A/ARMC6/mbed-os/platform/source/mbed_error.o
    0x10002d5a   0x00000002   PAD
    0x10002d5c   0x000001c8   Zero   RW          327    .bss.imu2           BUILD/DISCO_L475VG_IOT01A/ARMC6/main.o
    0x10002f24   0x00000004   Zero   RW        28176    .bss.irq_handler    BUILD/DISCO_L475VG_IOT01A/ARMC6/mbed-os/targets/TARGET_STM/TARGET_STM32L4/serial_device.o
    0x10002f28   0x0000001c   Zero   RW          320    .bss.led            BUILD/DISCO_L475VG_IOT01A/ARMC6/main.o
    0x10002f44   0x00000001   Zero   RW        28507    .bss.lp_Fired       BUILD/DISCO_L475VG_IOT01A/ARMC6/mbed-os/targets/TARGET_STM/lp_ticker.o
    0x10002f45   0x00000001   Zero   RW        28511    .bss.lp_cmpok       BUILD/DISCO_L475VG_IOT01A/ARMC6/mbed-os/targets/TARGET_STM/lp_ticker.o
    0x10002f46   0x00000001   Zero   RW        23378    .bss.mbed_error_in_progress  BUILD/DISCO_L475VG_IOT01A/ARMC6/mbed-os/platform/source/mbed_error.o
    0x10002f47   0x00000001   PAD
    0x10002f48   0x00000004   Zero   RW        23644    .bss.mbed_heap_size  BUILD/DISCO_L475VG_IOT01A/ARMC6/mbed-os/platform/source/mbed_retarget.o
    0x10002f4c   0x00000004   Zero   RW        28533    .bss.mbed_sdk_inited  BUILD/DISCO_L475VG_IOT01A/ARMC6/mbed-os/targets/TARGET_STM/mbed_overrides.o
    0x10002f50   0x00000004   Zero   RW        24038    .bss.mbed_stack_isr_size  BUILD/DISCO_L475VG_IOT01A/ARMC6/mbed-os/rtos/source/TARGET_CORTEX/mbed_boot.o
    0x10002f54   0x000001f0   Zero   RW        24021    .bss.os.libspace    BUILD/DISCO_L475VG_IOT01A/ARMC6/mbed-os/rtos/source/TARGET_CORTEX/TOOLCHAIN_ARM_STD/mbed_boot_arm_std.o
    0x10003144   0x00000034   Zero   RW        24312    .bss.os.msgqueue.cb  BUILD/DISCO_L475VG_IOT01A/ARMC6/mbed-os/rtos/source/TARGET_CORTEX/rtx5/RTX/Source/rtx_lib.o
    0x10003178   0x00000044   Zero   RW        24049    .bss.os.thread.cb   BUILD/DISCO_L475VG_IOT01A/ARMC6/mbed-os/rtos/source/TARGET_CORTEX/mbed_rtos_rtx.o
    0x100031bc   0x00000088   Zero   RW        24310    .bss.os.thread.cb   BUILD/DISCO_L475VG_IOT01A/ARMC6/mbed-os/rtos/source/TARGET_CORTEX/rtx5/RTX/Source/rtx_lib.o
    0x10003244   0x00000004   PAD
    0x10003248   0x00000600   Zero   RW        24311    .bss.os.thread.stack  BUILD/DISCO_L475VG_IOT01A/ARMC6/mbed-os/rtos/source/TARGET_CORTEX/rtx5/RTX/Source/rtx_lib.o
    0x10003848   0x000000b8   Zero   RW          325    .bss.pc             BUILD/DISCO_L475VG_IOT01A/ARMC6/main.o
    0x10003900   0x00000010   Zero   RW        24045    .bss.singleton_mutex_attr  BUILD/DISCO_L475VG_IOT01A/ARMC6/mbed-os/rtos/source/TARGET_CORTEX/mbed_rtos_rtx.o
    0x10003910   0x0000001c   Zero   RW        24046    .bss.singleton_mutex_obj  BUILD/DISCO_L475VG_IOT01A/ARMC6/mbed-os/rtos/source/TARGET_CORTEX/mbed_rtos_rtx.o
    0x1000392c   0x00000004   PAD
    0x10003930   0x00000020   Zero   RW          322    .bss.t              BUILD/DISCO_L475VG_IOT01A/ARMC6/main.o
    0x10003950   0x00000004   Zero   RW        24083    .bss.terminate_hook  BUILD/DISCO_L475VG_IOT01A/ARMC6/mbed-os/rtos/source/TARGET_CORTEX/mbed_rtx_handlers.o
    0x10003954   0x00000004   PAD
    0x10003958   0x00000040   Zero   RW          321    .bss.time_int       BUILD/DISCO_L475VG_IOT01A/ARMC6/main.o
    0x10003998   0x00000004   Zero   RW        28780    .bss.timer_cnt_reg  BUILD/DISCO_L475VG_IOT01A/ARMC6/mbed-os/targets/TARGET_STM/us_ticker.o
    0x1000399c   0x00000004   Zero   RW          323    .bss.timer_data1    BUILD/DISCO_L475VG_IOT01A/ARMC6/main.o
    0x100039a0   0x00000004   Zero   RW        28782    .bss.timer_dier_reg  BUILD/DISCO_L475VG_IOT01A/ARMC6/mbed-os/targets/TARGET_STM/us_ticker.o


    Execution Region RW_IRAM1 (Base: 0x20000000, Size: 0x00001a48, Max: 0x00006000, ABSOLUTE)

    Base Addr    Size         Type   Attr      Idx    E Section Name        Object

    0x20000000   0x00000004   Data   RW        31452    .data               /Library/Application Support/Mbed Studio/mbed-studio-tools/ac6/bin/../lib/armlib/c_w.l(stdio_streams.o)
    0x20000004   0x00000004   Data   RW        28115    .data.SystemCoreClock  BUILD/DISCO_L475VG_IOT01A/ARMC6/mbed-os/targets/TARGET_STM/TARGET_STM32L4/device/system_stm32l4xx.o
    0x20000008   0x00000004   Data   RW        24114    .data._ZL14idle_hook_fptr  BUILD/DISCO_L475VG_IOT01A/ARMC6/mbed-os/rtos/source/TARGET_CORTEX/mbed_rtx_idle.o
    0x2000000c   0x00000004   Data   RW        29253    .data._ZZ5setupE20micro_error_reporter  BUILD/DISCO_L475VG_IOT01A/ARMC6/tensorflow/lite/micro/examples/hello_world/main_functions.o
    0x20000010   0x00000004   Data   RW        29451    .data._ZZN11flexbuffers6String11EmptyStringEvE12empty_string  BUILD/DISCO_L475VG_IOT01A/ARMC6/tensorflow/lite/micro/kernels/circular_buffer.o
    0x20000014   0x00000020   Data   RW        29722    .data._ZZN6tflite30Register_DETECTION_POSTPROCESSEvE1r  BUILD/DISCO_L475VG_IOT01A/ARMC6/tensorflow/lite/micro/kernels/detection_postprocess.o
    0x20000034   0x00000004   Data   RW        22787    .data.irq_handler   BUILD/DISCO_L475VG_IOT01A/ARMC6/mbed-os/hal/mbed_us_ticker_api.o
    0x20000038   0x00000054   Zero   RW        31449    .bss                /Library/Application Support/Mbed Studio/mbed-studio-tools/ac6/bin/../lib/armlib/c_w.l(stdio_streams.o)
    0x2000008c   0x00000060   Zero   RW        32141    .bss                /Library/Application Support/Mbed Studio/mbed-studio-tools/ac6/bin/../lib/armlib/c_w.l(libspace.o)
    0x200000ec   0x00000038   Zero   RW        28515    .bss.LptimHandle    BUILD/DISCO_L475VG_IOT01A/ARMC6/mbed-os/targets/TARGET_STM/lp_ticker.o
    0x20000124   0x00000004   Zero   RW        29258    .bss._ZGVZ5setupE8resolver  BUILD/DISCO_L475VG_IOT01A/ARMC6/tensorflow/lite/micro/examples/hello_world/main_functions.o
    0x20000128   0x00000004   Zero   RW        33881    .bss._ZGVZNKSt3__120__time_get_c_storageIcE3__XEvE1s  /Library/Application Support/Mbed Studio/mbed-studio-tools/ac6/bin/../lib/libcxx/libcpp_w.l(locale.cpp.o)
    0x2000012c   0x00000004   Zero   RW        33885    .bss._ZGVZNKSt3__120__time_get_c_storageIcE3__cEvE1s  /Library/Application Support/Mbed Studio/mbed-studio-tools/ac6/bin/../lib/libcxx/libcpp_w.l(locale.cpp.o)
    0x20000130   0x00000004   Zero   RW        33889    .bss._ZGVZNKSt3__120__time_get_c_storageIcE3__rEvE1s  /Library/Application Support/Mbed Studio/mbed-studio-tools/ac6/bin/../lib/libcxx/libcpp_w.l(locale.cpp.o)
    0x20000134   0x00000004   Zero   RW        33877    .bss._ZGVZNKSt3__120__time_get_c_storageIcE3__xEvE1s  /Library/Application Support/Mbed Studio/mbed-studio-tools/ac6/bin/../lib/libcxx/libcpp_w.l(locale.cpp.o)
    0x20000138   0x00000004   Zero   RW        33815    .bss._ZGVZNSt3__16__clocEvE6result  /Library/Application Support/Mbed Studio/mbed-studio-tools/ac6/bin/../lib/libcxx/libcpp_w.l(locale.cpp.o)
    0x2000013c   0x00000004   Zero   RW        33830    .bss._ZGVZNSt3__16locale8__globalEvE1g  /Library/Application Support/Mbed Studio/mbed-studio-tools/ac6/bin/../lib/libcxx/libcpp_w.l(locale.cpp.o)
    0x20000140   0x00000004   Zero   RW        31621    .bss._ZGVZNSt3__18ios_base4InitC1EvE16init_the_streams  /Library/Application Support/Mbed Studio/mbed-studio-tools/ac6/bin/../lib/libcxx/libcpp_w.l(iostream.cpp.o)
    0x20000144   0x00000004   Zero   RW        33986    .bss._ZGVZNSt3__1L10init_am_pmEvE5am_pm  /Library/Application Support/Mbed Studio/mbed-studio-tools/ac6/bin/../lib/libcxx/libcpp_w.l(locale.cpp.o)
    0x20000148   0x00000004   Zero   RW        33978    .bss._ZGVZNSt3__1L10init_weeksEvE5weeks  /Library/Application Support/Mbed Studio/mbed-studio-tools/ac6/bin/../lib/libcxx/libcpp_w.l(locale.cpp.o)
    0x2000014c   0x00000004   Zero   RW        33982    .bss._ZGVZNSt3__1L11init_monthsEvE6months  /Library/Application Support/Mbed Studio/mbed-studio-tools/ac6/bin/../lib/libcxx/libcpp_w.l(locale.cpp.o)
    0x20000150   0x00000028   Zero   RW        23645    .bss._ZL16filehandle_mutex  BUILD/DISCO_L475VG_IOT01A/ARMC6/mbed-os/platform/source/mbed_retarget.o
    0x20000178   0x00000004   Zero   RW        29262    .bss._ZN12_GLOBAL__N_111interpreterE  BUILD/DISCO_L475VG_IOT01A/ARMC6/tensorflow/lite/micro/examples/hello_world/main_functions.o
    0x2000017c   0x000007d0   Zero   RW        29261    .bss._ZN12_GLOBAL__N_112tensor_arenaE  BUILD/DISCO_L475VG_IOT01A/ARMC6/tensorflow/lite/micro/examples/hello_world/main_functions.o
    0x2000094c   0x00000004   Zero   RW        29255    .bss._ZN12_GLOBAL__N_114error_reporterE  BUILD/DISCO_L475VG_IOT01A/ARMC6/tensorflow/lite/micro/examples/hello_world/main_functions.o
    0x20000950   0x00000004   Zero   RW        29264    .bss._ZN12_GLOBAL__N_16outputE  BUILD/DISCO_L475VG_IOT01A/ARMC6/tensorflow/lite/micro/examples/hello_world/main_functions.o
    0x20000954   0x00000028   Zero   RW         1569    .bss._ZN4mbed3I2C6_mutexE  BUILD/DISCO_L475VG_IOT01A/ARMC6/mbed-os/drivers/source/I2C.o
    0x2000097c   0x00000004   Zero   RW         1568    .bss._ZN4mbed3I2C6_ownerE  BUILD/DISCO_L475VG_IOT01A/ARMC6/mbed-os/drivers/source/I2C.o
    0x20000980   0x00000004   Zero   RW        22940    .bss._ZN4mbed8FileBase5_headE  BUILD/DISCO_L475VG_IOT01A/ARMC6/mbed-os/platform/source/FileBase.o
    0x20000984   0x00000004   PAD
    0x20000988   0x00000040   Zero   RW        23448    .bss._ZN4mbed8internal12_GLOBAL__N_113os_timer_dataE  BUILD/DISCO_L475VG_IOT01A/ARMC6/mbed-os/platform/source/mbed_os_timer.o
    0x200009c8   0x00000008   Zero   RW        35100    .bss._ZNSt3__110moneypunctIcLb1EE2idE  /Library/Application Support/Mbed Studio/mbed-studio-tools/ac6/bin/../lib/libcxx/libcpp_w.l(locale.cpp.o)
    0x200009d0   0x00000008   Zero   RW        35106    .bss._ZNSt3__110moneypunctIwLb1EE2idE  /Library/Application Support/Mbed Studio/mbed-studio-tools/ac6/bin/../lib/libcxx/libcpp_w.l(locale.cpp.o)
    0x200009d8   0x00000054   Zero   RW        31604    .bss._ZNSt3__14cerrE  /Library/Application Support/Mbed Studio/mbed-studio-tools/ac6/bin/../lib/libcxx/libcpp_w.l(iostream.cpp.o)
    0x20000a2c   0x00000054   Zero   RW        31606    .bss._ZNSt3__14clogE  /Library/Application Support/Mbed Studio/mbed-studio-tools/ac6/bin/../lib/libcxx/libcpp_w.l(iostream.cpp.o)
    0x20000a80   0x00000054   Zero   RW        31602    .bss._ZNSt3__14coutE  /Library/Application Support/Mbed Studio/mbed-studio-tools/ac6/bin/../lib/libcxx/libcpp_w.l(iostream.cpp.o)
    0x20000ad4   0x00000058   Zero   RW        31601    .bss._ZNSt3__14wcinE  /Library/Application Support/Mbed Studio/mbed-studio-tools/ac6/bin/../lib/libcxx/libcpp_w.l(iostream.cpp.o)
    0x20000b2c   0x00000008   Zero   RW        33847    .bss._ZNSt3__15ctypeIcE2idE  /Library/Application Support/Mbed Studio/mbed-studio-tools/ac6/bin/../lib/libcxx/libcpp_w.l(locale.cpp.o)
    0x20000b34   0x00000008   Zero   RW        33856    .bss._ZNSt3__17codecvtIDicSt11__mbstate_tE2idE  /Library/Application Support/Mbed Studio/mbed-studio-tools/ac6/bin/../lib/libcxx/libcpp_w.l(locale.cpp.o)
    0x20000b3c   0x00000008   Zero   RW        33853    .bss._ZNSt3__17codecvtIwcSt11__mbstate_tE2idE  /Library/Application Support/Mbed Studio/mbed-studio-tools/ac6/bin/../lib/libcxx/libcpp_w.l(locale.cpp.o)
    0x20000b44   0x00000008   Zero   RW        35075    .bss._ZNSt3__17collateIwE2idE  /Library/Application Support/Mbed Studio/mbed-studio-tools/ac6/bin/../lib/libcxx/libcpp_w.l(locale.cpp.o)
    0x20000b4c   0x00000008   Zero   RW        35079    .bss._ZNSt3__17num_getIwNS_19istreambuf_iteratorIwNS_11char_traitsIwEEEEE2idE  /Library/Application Support/Mbed Studio/mbed-studio-tools/ac6/bin/../lib/libcxx/libcpp_w.l(locale.cpp.o)
    0x20000b54   0x00000008   Zero   RW        35083    .bss._ZNSt3__17num_putIwNS_19ostreambuf_iteratorIwNS_11char_traitsIwEEEEE2idE  /Library/Application Support/Mbed Studio/mbed-studio-tools/ac6/bin/../lib/libcxx/libcpp_w.l(locale.cpp.o)
    0x20000b5c   0x00000008   Zero   RW        35123    .bss._ZNSt3__18messagesIwE2idE  /Library/Application Support/Mbed Studio/mbed-studio-tools/ac6/bin/../lib/libcxx/libcpp_w.l(locale.cpp.o)
    0x20000b64   0x00000008   Zero   RW        33858    .bss._ZNSt3__18numpunctIwE2idE  /Library/Application Support/Mbed Studio/mbed-studio-tools/ac6/bin/../lib/libcxx/libcpp_w.l(locale.cpp.o)
    0x20000b6c   0x00000008   Zero   RW        35087    .bss._ZNSt3__18time_getIwNS_19istreambuf_iteratorIwNS_11char_traitsIwEEEEE2idE  /Library/Application Support/Mbed Studio/mbed-studio-tools/ac6/bin/../lib/libcxx/libcpp_w.l(locale.cpp.o)
    0x20000b74   0x00000008   Zero   RW        35093    .bss._ZNSt3__18time_putIwNS_19ostreambuf_iteratorIwNS_11char_traitsIwEEEEE2idE  /Library/Application Support/Mbed Studio/mbed-studio-tools/ac6/bin/../lib/libcxx/libcpp_w.l(locale.cpp.o)
    0x20000b7c   0x00000008   Zero   RW        35115    .bss._ZNSt3__19money_getIwNS_19istreambuf_iteratorIwNS_11char_traitsIwEEEEE2idE  /Library/Application Support/Mbed Studio/mbed-studio-tools/ac6/bin/../lib/libcxx/libcpp_w.l(locale.cpp.o)
    0x20000b84   0x00000008   Zero   RW        35119    .bss._ZNSt3__19money_putIwNS_19ostreambuf_iteratorIwNS_11char_traitsIwEEEEE2idE  /Library/Application Support/Mbed Studio/mbed-studio-tools/ac6/bin/../lib/libcxx/libcpp_w.l(locale.cpp.o)
    0x20000b8c   0x00000001   Zero   RW        29209    .bss._ZNSt3__1L19__start_std_streamsE  BUILD/DISCO_L475VG_IOT01A/ARMC6/tensorflow/lite/kernels/kernel_util.o
    0x20000b8d   0x00000001   Zero   RW        29424    .bss._ZNSt3__1L19__start_std_streamsE  BUILD/DISCO_L475VG_IOT01A/ARMC6/tensorflow/lite/micro/kernels/circular_buffer.o
    0x20000b8e   0x00000001   Zero   RW        29721    .bss._ZNSt3__1L19__start_std_streamsE  BUILD/DISCO_L475VG_IOT01A/ARMC6/tensorflow/lite/micro/kernels/detection_postprocess.o
    0x20000b8f   0x00000001   Zero   RW        31599    .bss._ZNSt3__1L19__start_std_streamsE  /Library/Application Support/Mbed Studio/mbed-studio-tools/ac6/bin/../lib/libcxx/libcpp_w.l(iostream.cpp.o)
    0x20000b90   0x00000001   Zero   RW        32417    .bss._ZNSt3__1L19__start_std_streamsE  /Library/Application Support/Mbed Studio/mbed-studio-tools/ac6/bin/../lib/libcxx/libcpp_w.l(ios.cpp.o)
    0x20000b91   0x00000003   PAD
    0x20000b94   0x00000030   Zero   RW        31616    .bss._ZNSt3__1L6__cerrE  /Library/Application Support/Mbed Studio/mbed-studio-tools/ac6/bin/../lib/libcxx/libcpp_w.l(iostream.cpp.o)
    0x20000bc4   0x00000030   Zero   RW        31612    .bss._ZNSt3__1L6__coutE  /Library/Application Support/Mbed Studio/mbed-studio-tools/ac6/bin/../lib/libcxx/libcpp_w.l(iostream.cpp.o)
    0x20000bf4   0x00000038   Zero   RW        31610    .bss._ZNSt3__1L6__wcinE  /Library/Application Support/Mbed Studio/mbed-studio-tools/ac6/bin/../lib/libcxx/libcpp_w.l(iostream.cpp.o)
    0x20000c2c   0x00000008   Zero   RW        31611    .bss._ZNSt3__1L7mb_wcinE  /Library/Application Support/Mbed Studio/mbed-studio-tools/ac6/bin/../lib/libcxx/libcpp_w.l(iostream.cpp.o)
    0x20000c34   0x00000008   Zero   RW        31619    .bss._ZNSt3__1L8mb_wcerrE  /Library/Application Support/Mbed Studio/mbed-studio-tools/ac6/bin/../lib/libcxx/libcpp_w.l(iostream.cpp.o)
    0x20000c3c   0x00000008   Zero   RW        31615    .bss._ZNSt3__1L8mb_wcoutE  /Library/Application Support/Mbed Studio/mbed-studio-tools/ac6/bin/../lib/libcxx/libcpp_w.l(iostream.cpp.o)
    0x20000c44   0x00000080   Zero   RW        30681    .bss._ZZ8DebugLogE2pc  BUILD/DISCO_L475VG_IOT01A/ARMC6/tensorflow/lite/micro/mbed/debug_log.o
    0x20000cc4   0x00000004   Zero   RW        30683    .bss._ZZ8DebugLogE3out  BUILD/DISCO_L475VG_IOT01A/ARMC6/tensorflow/lite/micro/mbed/debug_log.o
    0x20000cc8   0x00000004   Zero   RW        23656    .bss._ZZL15default_consolevE7console  BUILD/DISCO_L475VG_IOT01A/ARMC6/mbed-os/platform/source/mbed_retarget.o
    0x20000ccc   0x00000004   Zero   RW        33872    .bss._ZZNKSt3__120__time_get_c_storageIcE7__am_pmEvE5am_pm  /Library/Application Support/Mbed Studio/mbed-studio-tools/ac6/bin/../lib/libcxx/libcpp_w.l(locale.cpp.o)
    0x20000cd0   0x00000004   Zero   RW        33864    .bss._ZZNKSt3__120__time_get_c_storageIcE7__weeksEvE5weeks  /Library/Application Support/Mbed Studio/mbed-studio-tools/ac6/bin/../lib/libcxx/libcpp_w.l(locale.cpp.o)
    0x20000cd4   0x00000004   Zero   RW        33868    .bss._ZZNKSt3__120__time_get_c_storageIcE8__monthsEvE6months  /Library/Application Support/Mbed Studio/mbed-studio-tools/ac6/bin/../lib/libcxx/libcpp_w.l(locale.cpp.o)
    0x20000cd8   0x0000000c   Zero   RW        33882    .bss._ZZNKSt3__120__time_get_c_storageIwE3__XEvE1s  /Library/Application Support/Mbed Studio/mbed-studio-tools/ac6/bin/../lib/libcxx/libcpp_w.l(locale.cpp.o)
    0x20000ce4   0x0000000c   Zero   RW        33886    .bss._ZZNKSt3__120__time_get_c_storageIwE3__cEvE1s  /Library/Application Support/Mbed Studio/mbed-studio-tools/ac6/bin/../lib/libcxx/libcpp_w.l(locale.cpp.o)
    0x20000cf0   0x0000000c   Zero   RW        33890    .bss._ZZNKSt3__120__time_get_c_storageIwE3__rEvE1s  /Library/Application Support/Mbed Studio/mbed-studio-tools/ac6/bin/../lib/libcxx/libcpp_w.l(locale.cpp.o)
    0x20000cfc   0x0000000c   Zero   RW        33878    .bss._ZZNKSt3__120__time_get_c_storageIwE3__xEvE1s  /Library/Application Support/Mbed Studio/mbed-studio-tools/ac6/bin/../lib/libcxx/libcpp_w.l(locale.cpp.o)
    0x20000d08   0x00000004   Zero   RW        33874    .bss._ZZNKSt3__120__time_get_c_storageIwE7__am_pmEvE5am_pm  /Library/Application Support/Mbed Studio/mbed-studio-tools/ac6/bin/../lib/libcxx/libcpp_w.l(locale.cpp.o)
    0x20000d0c   0x00000004   Zero   RW        33866    .bss._ZZNKSt3__120__time_get_c_storageIwE7__weeksEvE5weeks  /Library/Application Support/Mbed Studio/mbed-studio-tools/ac6/bin/../lib/libcxx/libcpp_w.l(locale.cpp.o)
    0x20000d10   0x00000004   Zero   RW        33870    .bss._ZZNKSt3__120__time_get_c_storageIwE8__monthsEvE6months  /Library/Application Support/Mbed Studio/mbed-studio-tools/ac6/bin/../lib/libcxx/libcpp_w.l(locale.cpp.o)
    0x20000d14   0x00000004   PAD
    0x20000d18   0x00000008   Zero   RW        34004    .bss._ZZNSt3__112_GLOBAL__N_14makeINS_10moneypunctIcLb1EEEjEERT_T0_E3buf  /Library/Application Support/Mbed Studio/mbed-studio-tools/ac6/bin/../lib/libcxx/libcpp_w.l(locale.cpp.o)
    0x20000d20   0x00000008   Zero   RW        34006    .bss._ZZNSt3__112_GLOBAL__N_14makeINS_10moneypunctIwLb1EEEjEERT_T0_E3buf  /Library/Application Support/Mbed Studio/mbed-studio-tools/ac6/bin/../lib/libcxx/libcpp_w.l(locale.cpp.o)
    0x20000d28   0x000000a0   Zero   RW        34017    .bss._ZZNSt3__112_GLOBAL__N_14makeINS_6locale5__impEjEERT_T0_E3buf  /Library/Application Support/Mbed Studio/mbed-studio-tools/ac6/bin/../lib/libcxx/libcpp_w.l(locale.cpp.o)
    0x20000dc8   0x00000008   Zero   RW        33996    .bss._ZZNSt3__112_GLOBAL__N_14makeINS_7codecvtIDicSt11__mbstate_tEEjEERT_T0_E3buf  /Library/Application Support/Mbed Studio/mbed-studio-tools/ac6/bin/../lib/libcxx/libcpp_w.l(locale.cpp.o)
    0x20000dd0   0x00000008   Zero   RW        33993    .bss._ZZNSt3__112_GLOBAL__N_14makeINS_7codecvtIccSt11__mbstate_tEEjEERT_T0_E3buf  /Library/Application Support/Mbed Studio/mbed-studio-tools/ac6/bin/../lib/libcxx/libcpp_w.l(locale.cpp.o)
    0x20000dd8   0x00000010   Zero   RW        33994    .bss._ZZNSt3__112_GLOBAL__N_14makeINS_7codecvtIwcSt11__mbstate_tEEjEERT_T0_E3buf  /Library/Application Support/Mbed Studio/mbed-studio-tools/ac6/bin/../lib/libcxx/libcpp_w.l(locale.cpp.o)
    0x20000de8   0x00000008   Zero   RW        33990    .bss._ZZNSt3__112_GLOBAL__N_14makeINS_7collateIwEEjEERT_T0_E3buf  /Library/Application Support/Mbed Studio/mbed-studio-tools/ac6/bin/../lib/libcxx/libcpp_w.l(locale.cpp.o)
    0x20000df0   0x00000008   Zero   RW        34000    .bss._ZZNSt3__112_GLOBAL__N_14makeINS_7num_getIwNS_19istreambuf_iteratorIwNS_11char_traitsIwEEEEEEjEERT_T0_E3buf  /Library/Application Support/Mbed Studio/mbed-studio-tools/ac6/bin/../lib/libcxx/libcpp_w.l(locale.cpp.o)
    0x20000df8   0x00000008   Zero   RW        34002    .bss._ZZNSt3__112_GLOBAL__N_14makeINS_7num_putIwNS_19ostreambuf_iteratorIwNS_11char_traitsIwEEEEEEjEERT_T0_E3buf  /Library/Application Support/Mbed Studio/mbed-studio-tools/ac6/bin/../lib/libcxx/libcpp_w.l(locale.cpp.o)
    0x20000e00   0x00000008   Zero   RW        34016    .bss._ZZNSt3__112_GLOBAL__N_14makeINS_8messagesIwEEjEERT_T0_E3buf  /Library/Application Support/Mbed Studio/mbed-studio-tools/ac6/bin/../lib/libcxx/libcpp_w.l(locale.cpp.o)
    0x20000e08   0x00000018   Zero   RW        33997    .bss._ZZNSt3__112_GLOBAL__N_14makeINS_8numpunctIcEEjEERT_T0_E3buf  /Library/Application Support/Mbed Studio/mbed-studio-tools/ac6/bin/../lib/libcxx/libcpp_w.l(locale.cpp.o)
    0x20000e20   0x00000010   Zero   RW        34012    .bss._ZZNSt3__112_GLOBAL__N_14makeINS_8time_getIwNS_19istreambuf_iteratorIwNS_11char_traitsIwEEEEEEjEERT_T0_E3buf  /Library/Application Support/Mbed Studio/mbed-studio-tools/ac6/bin/../lib/libcxx/libcpp_w.l(locale.cpp.o)
    0x20000e30   0x00000010   Zero   RW        34014    .bss._ZZNSt3__112_GLOBAL__N_14makeINS_8time_putIwNS_19ostreambuf_iteratorIwNS_11char_traitsIwEEEEEEjEERT_T0_E3buf  /Library/Application Support/Mbed Studio/mbed-studio-tools/ac6/bin/../lib/libcxx/libcpp_w.l(locale.cpp.o)
    0x20000e40   0x00000008   Zero   RW        34008    .bss._ZZNSt3__112_GLOBAL__N_14makeINS_9money_getIwNS_19istreambuf_iteratorIwNS_11char_traitsIwEEEEEEjEERT_T0_E3buf  /Library/Application Support/Mbed Studio/mbed-studio-tools/ac6/bin/../lib/libcxx/libcpp_w.l(locale.cpp.o)
    0x20000e48   0x00000008   Zero   RW        34010    .bss._ZZNSt3__112_GLOBAL__N_14makeINS_9money_putIwNS_19ostreambuf_iteratorIwNS_11char_traitsIwEEEEEEjEERT_T0_E3buf  /Library/Application Support/Mbed Studio/mbed-studio-tools/ac6/bin/../lib/libcxx/libcpp_w.l(locale.cpp.o)
    0x20000e50   0x00000004   Zero   RW        33828    .bss._ZZNSt3__16locale5__imp11make_globalEvE3buf  /Library/Application Support/Mbed Studio/mbed-studio-tools/ac6/bin/../lib/libcxx/libcpp_w.l(locale.cpp.o)
    0x20000e54   0x00000004   Zero   RW        33826    .bss._ZZNSt3__16locale7classicEvE1c  /Library/Application Support/Mbed Studio/mbed-studio-tools/ac6/bin/../lib/libcxx/libcpp_w.l(locale.cpp.o)
    0x20000e58   0x00000018   Zero   RW        33985    .bss._ZZNSt3__1L10init_am_pmEvE5am_pm  /Library/Application Support/Mbed Studio/mbed-studio-tools/ac6/bin/../lib/libcxx/libcpp_w.l(locale.cpp.o)
    0x20000e70   0x000000a8   Zero   RW        33977    .bss._ZZNSt3__1L10init_weeksEvE5weeks  /Library/Application Support/Mbed Studio/mbed-studio-tools/ac6/bin/../lib/libcxx/libcpp_w.l(locale.cpp.o)
    0x20000f18   0x00000120   Zero   RW        33981    .bss._ZZNSt3__1L11init_monthsEvE6months  /Library/Application Support/Mbed Studio/mbed-studio-tools/ac6/bin/../lib/libcxx/libcpp_w.l(locale.cpp.o)
    0x20001038   0x000000a8   Zero   RW        33979    .bss._ZZNSt3__1L11init_wweeksEvE5weeks  /Library/Application Support/Mbed Studio/mbed-studio-tools/ac6/bin/../lib/libcxx/libcpp_w.l(locale.cpp.o)
    0x200010e0   0x00000020   Zero   RW        24022    .bss._static_mutexes  BUILD/DISCO_L475VG_IOT01A/ARMC6/mbed-os/rtos/source/TARGET_CORTEX/TOOLCHAIN_ARM_STD/mbed_boot_arm_std.o
    0x20001100   0x000000e0   Zero   RW        24023    .bss._static_mutexes_mem  BUILD/DISCO_L475VG_IOT01A/ARMC6/mbed-os/rtos/source/TARGET_CORTEX/TOOLCHAIN_ARM_STD/mbed_boot_arm_std.o
    0x200011e0   0x00000200   Zero   RW          329    .bss.buf            BUILD/DISCO_L475VG_IOT01A/ARMC6/main.o
    0x200013e0   0x00000001   Zero   RW        22662    .bss.critical_interrupts_enabled  BUILD/DISCO_L475VG_IOT01A/ARMC6/mbed-os/hal/mbed_critical_section_api.o
    0x200013e1   0x00000003   PAD
    0x200013e4   0x00000004   Zero   RW        23331    .bss.critical_section_reentrancy_counter  BUILD/DISCO_L475VG_IOT01A/ARMC6/mbed-os/platform/source/mbed_critical.o
    0x200013e8   0x00000002   Zero   RW        23475    .bss.deep_sleep_lock  BUILD/DISCO_L475VG_IOT01A/ARMC6/mbed-os/platform/source/mbed_power_mgmt.o
    0x200013ea   0x00000002   PAD
    0x200013ec   0x00000004   Zero   RW        23384    .bss.error_hook     BUILD/DISCO_L475VG_IOT01A/ARMC6/mbed-os/platform/source/mbed_error.o
    0x200013f0   0x00000040   Zero   RW        22700    .bss.events         BUILD/DISCO_L475VG_IOT01A/ARMC6/mbed-os/hal/mbed_lp_ticker_api.o
    0x20001430   0x00000014   Zero   RW        28484    .bss.i2c_handles    BUILD/DISCO_L475VG_IOT01A/ARMC6/mbed-os/targets/TARGET_STM/i2c_api.o
    0x20001444   0x000001c8   Zero   RW          326    .bss.imu1           BUILD/DISCO_L475VG_IOT01A/ARMC6/main.o
    0x2000160c   0x00000004   Zero   RW        28341    .bss.irq_handler    BUILD/DISCO_L475VG_IOT01A/ARMC6/mbed-os/targets/TARGET_STM/can_api.o
    0x20001610   0x00000001   Zero   RW        23380    .bss.is_reboot_error_valid  BUILD/DISCO_L475VG_IOT01A/ARMC6/mbed-os/platform/source/mbed_error.o
    0x20001611   0x00000003   PAD
    0x20001614   0x00000040   Zero   RW        23379    .bss.last_error_ctx  BUILD/DISCO_L475VG_IOT01A/ARMC6/mbed-os/platform/source/mbed_error.o
    0x20001654   0x00000004   Zero   RW        28512    .bss.lp_delayed_counter  BUILD/DISCO_L475VG_IOT01A/ARMC6/mbed-os/targets/TARGET_STM/lp_ticker.o
    0x20001658   0x00000001   Zero   RW        28508    .bss.lp_delayed_prog  BUILD/DISCO_L475VG_IOT01A/ARMC6/mbed-os/targets/TARGET_STM/lp_ticker.o
    0x20001659   0x00000003   PAD
    0x2000165c   0x00000004   Zero   RW        23643    .bss.mbed_heap_start  BUILD/DISCO_L475VG_IOT01A/ARMC6/mbed-os/platform/source/mbed_retarget.o
    0x20001660   0x00000004   Zero   RW        24037    .bss.mbed_stack_isr_start  BUILD/DISCO_L475VG_IOT01A/ARMC6/mbed-os/rtos/source/TARGET_CORTEX/mbed_boot.o
    0x20001664   0x00000040   Zero   RW        24302    .bss.os             BUILD/DISCO_L475VG_IOT01A/ARMC6/mbed-os/rtos/source/TARGET_CORTEX/rtx5/RTX/Source/rtx_lib.o
    0x200016a4   0x00000050   Zero   RW        24313    .bss.os.msgqueue.mem  BUILD/DISCO_L475VG_IOT01A/ARMC6/mbed-os/rtos/source/TARGET_CORTEX/rtx5/RTX/Source/rtx_lib.o
    0x200016f4   0x00000001   Zero   RW        24024    .bss.os_kernel_is_active.os_kernel_active  BUILD/DISCO_L475VG_IOT01A/ARMC6/mbed-os/rtos/source/TARGET_CORTEX/TOOLCHAIN_ARM_STD/mbed_boot_arm_std.o
    0x200016f5   0x00000001   Zero   RW        28510    .bss.roll_over_flag  BUILD/DISCO_L475VG_IOT01A/ARMC6/mbed-os/targets/TARGET_STM/lp_ticker.o
    0x200016f6   0x00000002   PAD
    0x200016f8   0x00000018   Zero   RW        28175    .bss.serial_irq_ids  BUILD/DISCO_L475VG_IOT01A/ARMC6/mbed-os/targets/TARGET_STM/TARGET_STM32L4/serial_device.o
    0x20001710   0x00000004   Zero   RW        24050    .bss.singleton_mutex_id  BUILD/DISCO_L475VG_IOT01A/ARMC6/mbed-os/rtos/source/TARGET_CORTEX/mbed_rtos_rtx.o
    0x20001714   0x00000001   Zero   RW        28513    .bss.sleep_manager_locked  BUILD/DISCO_L475VG_IOT01A/ARMC6/mbed-os/targets/TARGET_STM/lp_ticker.o
    0x20001715   0x00000001   Zero   RW        22661    .bss.state_saved    BUILD/DISCO_L475VG_IOT01A/ARMC6/mbed-os/hal/mbed_critical_section_api.o
    0x20001716   0x00000002   PAD
    0x20001718   0x00000024   Zero   RW        28676    .bss.stdio_uart     BUILD/DISCO_L475VG_IOT01A/ARMC6/mbed-os/targets/TARGET_STM/serial_api.o
    0x2000173c   0x00000004   Zero   RW        28674    .bss.stdio_uart_inited  BUILD/DISCO_L475VG_IOT01A/ARMC6/mbed-os/targets/TARGET_STM/serial_api.o
    0x20001740   0x00000004   Zero   RW        28781    .bss.timer_ccr1_reg  BUILD/DISCO_L475VG_IOT01A/ARMC6/mbed-os/targets/TARGET_STM/us_ticker.o
    0x20001744   0x00000004   Zero   RW          324    .bss.timer_data2    BUILD/DISCO_L475VG_IOT01A/ARMC6/main.o
    0x20001748   0x00000300   Zero   RW        28177    .bss.uart_handlers  BUILD/DISCO_L475VG_IOT01A/ARMC6/mbed-os/targets/TARGET_STM/TARGET_STM32L4/serial_device.o


    Execution Region ARM_LIB_HEAP (Base: 0x20001a50, Size: 0x000161b0, Max: 0x000161b0, ABSOLUTE)

    Base Addr    Size         Type   Attr      Idx    E Section Name        Object

    0x20001a50   0x000161b0   Zero   RW            2    ARM_LIB_HEAP.bss    anon$$obj.o


    Execution Region ARM_LIB_STACK (Base: 0x20017c00, Size: 0x00000400, Max: 0x00000400, ABSOLUTE)

    Base Addr    Size         Type   Attr      Idx    E Section Name        Object

    0x20017c00   0x00000400   Zero   RW            3    ARM_LIB_STACK.bss   anon$$obj.o


==============================================================================

Image component sizes


      Code (inc. data)   RO Data    RW Data    ZI Data      Debug   

    258712      12914      21211        288     109071      70016   Object Totals
         0          0         64          0      91824          0   (incl. Generated)
       418         12          5          0         41          0   (incl. Padding)
     88816       2542       8589         16       3285      59728   Library Totals
       216         26         14          0         17          0   (incl. Padding)

==============================================================================


      Code (inc. data)   RO Data    RW Data    ZI Data      Debug   

    347528      15456      29800        304     112356     112240   Grand Totals
    347528      15456      29800        304     112356     112240   ELF Image Totals
    347528      15456      29800        304          0          0   ROM Totals

==============================================================================

    Total RO  Size (Code + RO Data)               377328 ( 368.48kB)
    Total RW  Size (RW Data + ZI Data)            112660 ( 110.02kB)
    Total ROM Size (Code + RO Data + RW Data)     377632 ( 368.78kB)

==============================================================================

